
*** Running vivado
    with args -log system_matmul_accel_0_0.vds -m64 -product Vivado -mode batch -messageDb vivado.pb -notrace -source system_matmul_accel_0_0.tcl



****** Vivado v2024.2 (64-bit)
  **** SW Build 5239630 on Fri Nov 08 22:35:27 MST 2024
  **** IP Build 5239520 on Sun Nov 10 16:12:51 MST 2024
  **** SharedData Build 5239561 on Fri Nov 08 14:39:27 MST 2024
  **** Start of session at: Wed Jun  3 05:30:10 2026
    ** Copyright 1986-2022 Xilinx, Inc. All Rights Reserved.
    ** Copyright 2022-2024 Advanced Micro Devices, Inc. All Rights Reserved.

source system_matmul_accel_0_0.tcl -notrace
create_project: Time (s): cpu = 00:00:08 ; elapsed = 00:00:09 . Memory (MB): peak = 618.961 ; gain = 190.105
INFO: [IP_Flow 19-234] Refreshing IP repositories
INFO: [IP_Flow 19-1700] Loaded user IP repository 'c:/Users/asus/Desktop/IP'.
INFO: [IP_Flow 19-2313] Loaded Vivado IP repository 'F:/xilinx/Vivado/2024.2/data/ip'.
INFO: [IP_Flow 19-6924] IPCACHE: Running cache check for IP inst: system_matmul_accel_0_0
Command: synth_design -top system_matmul_accel_0_0 -part xc7z020clg400-1 -incremental_mode off -mode out_of_context
Starting synth_design
Attempting to get a license for feature 'Synthesis' and/or device 'xc7z020'
INFO: [Common 17-349] Got license for feature 'Synthesis' and/or device 'xc7z020'
INFO: [Device 21-403] Loading part xc7z020clg400-1
INFO: [Synth 8-7079] Multithreading enabled for synth_design using a maximum of 2 processes.
INFO: [Synth 8-7078] Launching helper process for spawning children vivado processes
INFO: [Synth 8-7075] Helper process launched with PID 25468
---------------------------------------------------------------------------------
Starting RTL Elaboration : Time (s): cpu = 00:00:05 ; elapsed = 00:00:05 . Memory (MB): peak = 1328.910 ; gain = 467.707
---------------------------------------------------------------------------------
INFO: [Synth 8-6157] synthesizing module 'system_matmul_accel_0_0' [f:/accelerator/accelerator.gen/sources_1/bd/system/ip/system_matmul_accel_0_0/synth/system_matmul_accel_0_0.v:53]
INFO: [Synth 8-6157] synthesizing module 'matmul_accel' [f:/accelerator/accelerator.gen/sources_1/bd/system/ipshared/5177/hdl/verilog/matmul_accel.v:9]
INFO: [Synth 8-6157] synthesizing module 'matmul_accel_matmul_accel_Pipeline_VITIS_LOOP_15_1' [f:/accelerator/accelerator.gen/sources_1/bd/system/ipshared/5177/hdl/verilog/matmul_accel_matmul_accel_Pipeline_VITIS_LOOP_15_1.v:9]
INFO: [Synth 8-6157] synthesizing module 'matmul_accel_mac_muladd_8s_8s_32s_32_4_1' [f:/accelerator/accelerator.gen/sources_1/bd/system/ipshared/5177/hdl/verilog/matmul_accel_mac_muladd_8s_8s_32s_32_4_1.v:54]
INFO: [Synth 8-6157] synthesizing module 'matmul_accel_mac_muladd_8s_8s_32s_32_4_1_DSP48_0' [f:/accelerator/accelerator.gen/sources_1/bd/system/ipshared/5177/hdl/verilog/matmul_accel_mac_muladd_8s_8s_32s_32_4_1.v:11]
INFO: [Synth 8-6155] done synthesizing module 'matmul_accel_mac_muladd_8s_8s_32s_32_4_1_DSP48_0' (0#1) [f:/accelerator/accelerator.gen/sources_1/bd/system/ipshared/5177/hdl/verilog/matmul_accel_mac_muladd_8s_8s_32s_32_4_1.v:11]
INFO: [Synth 8-6155] done synthesizing module 'matmul_accel_mac_muladd_8s_8s_32s_32_4_1' (0#1) [f:/accelerator/accelerator.gen/sources_1/bd/system/ipshared/5177/hdl/verilog/matmul_accel_mac_muladd_8s_8s_32s_32_4_1.v:54]
INFO: [Synth 8-6157] synthesizing module 'matmul_accel_flow_control_loop_pipe_sequential_init' [f:/accelerator/accelerator.gen/sources_1/bd/system/ipshared/5177/hdl/verilog/matmul_accel_flow_control_loop_pipe_sequential_init.v:11]
INFO: [Synth 8-6155] done synthesizing module 'matmul_accel_flow_control_loop_pipe_sequential_init' (0#1) [f:/accelerator/accelerator.gen/sources_1/bd/system/ipshared/5177/hdl/verilog/matmul_accel_flow_control_loop_pipe_sequential_init.v:11]
INFO: [Synth 8-6155] done synthesizing module 'matmul_accel_matmul_accel_Pipeline_VITIS_LOOP_15_1' (0#1) [f:/accelerator/accelerator.gen/sources_1/bd/system/ipshared/5177/hdl/verilog/matmul_accel_matmul_accel_Pipeline_VITIS_LOOP_15_1.v:9]
INFO: [Synth 8-6157] synthesizing module 'matmul_accel_control_s_axi' [f:/accelerator/accelerator.gen/sources_1/bd/system/ipshared/5177/hdl/verilog/matmul_accel_control_s_axi.v:9]
INFO: [Synth 8-155] case statement is not full and has no default [f:/accelerator/accelerator.gen/sources_1/bd/system/ipshared/5177/hdl/verilog/matmul_accel_control_s_axi.v:255]
INFO: [Synth 8-6155] done synthesizing module 'matmul_accel_control_s_axi' (0#1) [f:/accelerator/accelerator.gen/sources_1/bd/system/ipshared/5177/hdl/verilog/matmul_accel_control_s_axi.v:9]
INFO: [Synth 8-6157] synthesizing module 'matmul_accel_gmem0_m_axi' [f:/accelerator/accelerator.gen/sources_1/bd/system/ipshared/5177/hdl/verilog/matmul_accel_gmem0_m_axi.v:12]
INFO: [Synth 8-6157] synthesizing module 'matmul_accel_gmem0_m_axi_load' [f:/accelerator/accelerator.gen/sources_1/bd/system/ipshared/5177/hdl/verilog/matmul_accel_gmem0_m_axi.v:245]
INFO: [Synth 8-6157] synthesizing module 'matmul_accel_gmem0_m_axi_fifo' [f:/accelerator/accelerator.gen/sources_1/bd/system/ipshared/5177/hdl/verilog/matmul_accel_gmem0_m_axi.v:2501]
INFO: [Synth 8-6157] synthesizing module 'matmul_accel_gmem0_m_axi_srl' [f:/accelerator/accelerator.gen/sources_1/bd/system/ipshared/5177/hdl/verilog/matmul_accel_gmem0_m_axi.v:2679]
INFO: [Synth 8-6155] done synthesizing module 'matmul_accel_gmem0_m_axi_srl' (0#1) [f:/accelerator/accelerator.gen/sources_1/bd/system/ipshared/5177/hdl/verilog/matmul_accel_gmem0_m_axi.v:2679]
INFO: [Synth 8-6155] done synthesizing module 'matmul_accel_gmem0_m_axi_fifo' (0#1) [f:/accelerator/accelerator.gen/sources_1/bd/system/ipshared/5177/hdl/verilog/matmul_accel_gmem0_m_axi.v:2501]
INFO: [Synth 8-6157] synthesizing module 'matmul_accel_gmem0_m_axi_reg_slice' [f:/accelerator/accelerator.gen/sources_1/bd/system/ipshared/5177/hdl/verilog/matmul_accel_gmem0_m_axi.v:2399]
INFO: [Synth 8-6155] done synthesizing module 'matmul_accel_gmem0_m_axi_reg_slice' (0#1) [f:/accelerator/accelerator.gen/sources_1/bd/system/ipshared/5177/hdl/verilog/matmul_accel_gmem0_m_axi.v:2399]
INFO: [Synth 8-6157] synthesizing module 'matmul_accel_gmem0_m_axi_fifo__parameterized0' [f:/accelerator/accelerator.gen/sources_1/bd/system/ipshared/5177/hdl/verilog/matmul_accel_gmem0_m_axi.v:2501]
INFO: [Synth 8-6157] synthesizing module 'matmul_accel_gmem0_m_axi_srl__parameterized0' [f:/accelerator/accelerator.gen/sources_1/bd/system/ipshared/5177/hdl/verilog/matmul_accel_gmem0_m_axi.v:2679]
INFO: [Synth 8-6155] done synthesizing module 'matmul_accel_gmem0_m_axi_srl__parameterized0' (0#1) [f:/accelerator/accelerator.gen/sources_1/bd/system/ipshared/5177/hdl/verilog/matmul_accel_gmem0_m_axi.v:2679]
INFO: [Synth 8-6155] done synthesizing module 'matmul_accel_gmem0_m_axi_fifo__parameterized0' (0#1) [f:/accelerator/accelerator.gen/sources_1/bd/system/ipshared/5177/hdl/verilog/matmul_accel_gmem0_m_axi.v:2501]
INFO: [Synth 8-6157] synthesizing module 'matmul_accel_gmem0_m_axi_fifo__parameterized1' [f:/accelerator/accelerator.gen/sources_1/bd/system/ipshared/5177/hdl/verilog/matmul_accel_gmem0_m_axi.v:2501]
INFO: [Synth 8-6157] synthesizing module 'matmul_accel_gmem0_m_axi_mem' [f:/accelerator/accelerator.gen/sources_1/bd/system/ipshared/5177/hdl/verilog/matmul_accel_gmem0_m_axi.v:2733]
INFO: [Synth 8-6155] done synthesizing module 'matmul_accel_gmem0_m_axi_mem' (0#1) [f:/accelerator/accelerator.gen/sources_1/bd/system/ipshared/5177/hdl/verilog/matmul_accel_gmem0_m_axi.v:2733]
INFO: [Synth 8-6155] done synthesizing module 'matmul_accel_gmem0_m_axi_fifo__parameterized1' (0#1) [f:/accelerator/accelerator.gen/sources_1/bd/system/ipshared/5177/hdl/verilog/matmul_accel_gmem0_m_axi.v:2501]
INFO: [Synth 8-6155] done synthesizing module 'matmul_accel_gmem0_m_axi_load' (0#1) [f:/accelerator/accelerator.gen/sources_1/bd/system/ipshared/5177/hdl/verilog/matmul_accel_gmem0_m_axi.v:245]
INFO: [Synth 8-6157] synthesizing module 'matmul_accel_gmem0_m_axi_read' [f:/accelerator/accelerator.gen/sources_1/bd/system/ipshared/5177/hdl/verilog/matmul_accel_gmem0_m_axi.v:1355]
INFO: [Synth 8-6157] synthesizing module 'matmul_accel_gmem0_m_axi_burst_converter' [f:/accelerator/accelerator.gen/sources_1/bd/system/ipshared/5177/hdl/verilog/matmul_accel_gmem0_m_axi.v:1867]
INFO: [Synth 8-6157] synthesizing module 'matmul_accel_gmem0_m_axi_reg_slice__parameterized0' [f:/accelerator/accelerator.gen/sources_1/bd/system/ipshared/5177/hdl/verilog/matmul_accel_gmem0_m_axi.v:2399]
INFO: [Synth 8-6155] done synthesizing module 'matmul_accel_gmem0_m_axi_reg_slice__parameterized0' (0#1) [f:/accelerator/accelerator.gen/sources_1/bd/system/ipshared/5177/hdl/verilog/matmul_accel_gmem0_m_axi.v:2399]
INFO: [Synth 8-6155] done synthesizing module 'matmul_accel_gmem0_m_axi_burst_converter' (0#1) [f:/accelerator/accelerator.gen/sources_1/bd/system/ipshared/5177/hdl/verilog/matmul_accel_gmem0_m_axi.v:1867]
INFO: [Synth 8-6157] synthesizing module 'matmul_accel_gmem0_m_axi_fifo__parameterized2' [f:/accelerator/accelerator.gen/sources_1/bd/system/ipshared/5177/hdl/verilog/matmul_accel_gmem0_m_axi.v:2501]
INFO: [Synth 8-6157] synthesizing module 'matmul_accel_gmem0_m_axi_srl__parameterized1' [f:/accelerator/accelerator.gen/sources_1/bd/system/ipshared/5177/hdl/verilog/matmul_accel_gmem0_m_axi.v:2679]
INFO: [Synth 8-6155] done synthesizing module 'matmul_accel_gmem0_m_axi_srl__parameterized1' (0#1) [f:/accelerator/accelerator.gen/sources_1/bd/system/ipshared/5177/hdl/verilog/matmul_accel_gmem0_m_axi.v:2679]
INFO: [Synth 8-6155] done synthesizing module 'matmul_accel_gmem0_m_axi_fifo__parameterized2' (0#1) [f:/accelerator/accelerator.gen/sources_1/bd/system/ipshared/5177/hdl/verilog/matmul_accel_gmem0_m_axi.v:2501]
WARNING: [Synth 8-589] replacing case/wildcard equality operator === with logical equality operator == [f:/accelerator/accelerator.gen/sources_1/bd/system/ipshared/5177/hdl/verilog/matmul_accel_gmem0_m_axi.v:1539]
INFO: [Synth 8-6155] done synthesizing module 'matmul_accel_gmem0_m_axi_read' (0#1) [f:/accelerator/accelerator.gen/sources_1/bd/system/ipshared/5177/hdl/verilog/matmul_accel_gmem0_m_axi.v:1355]
INFO: [Synth 8-6155] done synthesizing module 'matmul_accel_gmem0_m_axi' (0#1) [f:/accelerator/accelerator.gen/sources_1/bd/system/ipshared/5177/hdl/verilog/matmul_accel_gmem0_m_axi.v:12]
INFO: [Synth 8-6157] synthesizing module 'matmul_accel_gmem1_m_axi' [f:/accelerator/accelerator.gen/sources_1/bd/system/ipshared/5177/hdl/verilog/matmul_accel_gmem1_m_axi.v:12]
INFO: [Synth 8-6157] synthesizing module 'matmul_accel_gmem1_m_axi_load' [f:/accelerator/accelerator.gen/sources_1/bd/system/ipshared/5177/hdl/verilog/matmul_accel_gmem1_m_axi.v:245]
INFO: [Synth 8-6157] synthesizing module 'matmul_accel_gmem1_m_axi_fifo' [f:/accelerator/accelerator.gen/sources_1/bd/system/ipshared/5177/hdl/verilog/matmul_accel_gmem1_m_axi.v:2501]
INFO: [Synth 8-6157] synthesizing module 'matmul_accel_gmem1_m_axi_srl' [f:/accelerator/accelerator.gen/sources_1/bd/system/ipshared/5177/hdl/verilog/matmul_accel_gmem1_m_axi.v:2679]
INFO: [Synth 8-6155] done synthesizing module 'matmul_accel_gmem1_m_axi_srl' (0#1) [f:/accelerator/accelerator.gen/sources_1/bd/system/ipshared/5177/hdl/verilog/matmul_accel_gmem1_m_axi.v:2679]
INFO: [Synth 8-6155] done synthesizing module 'matmul_accel_gmem1_m_axi_fifo' (0#1) [f:/accelerator/accelerator.gen/sources_1/bd/system/ipshared/5177/hdl/verilog/matmul_accel_gmem1_m_axi.v:2501]
INFO: [Synth 8-6157] synthesizing module 'matmul_accel_gmem1_m_axi_reg_slice' [f:/accelerator/accelerator.gen/sources_1/bd/system/ipshared/5177/hdl/verilog/matmul_accel_gmem1_m_axi.v:2399]
INFO: [Synth 8-6155] done synthesizing module 'matmul_accel_gmem1_m_axi_reg_slice' (0#1) [f:/accelerator/accelerator.gen/sources_1/bd/system/ipshared/5177/hdl/verilog/matmul_accel_gmem1_m_axi.v:2399]
INFO: [Synth 8-6157] synthesizing module 'matmul_accel_gmem1_m_axi_fifo__parameterized0' [f:/accelerator/accelerator.gen/sources_1/bd/system/ipshared/5177/hdl/verilog/matmul_accel_gmem1_m_axi.v:2501]
INFO: [Synth 8-6157] synthesizing module 'matmul_accel_gmem1_m_axi_srl__parameterized0' [f:/accelerator/accelerator.gen/sources_1/bd/system/ipshared/5177/hdl/verilog/matmul_accel_gmem1_m_axi.v:2679]
INFO: [Synth 8-6155] done synthesizing module 'matmul_accel_gmem1_m_axi_srl__parameterized0' (0#1) [f:/accelerator/accelerator.gen/sources_1/bd/system/ipshared/5177/hdl/verilog/matmul_accel_gmem1_m_axi.v:2679]
INFO: [Synth 8-6155] done synthesizing module 'matmul_accel_gmem1_m_axi_fifo__parameterized0' (0#1) [f:/accelerator/accelerator.gen/sources_1/bd/system/ipshared/5177/hdl/verilog/matmul_accel_gmem1_m_axi.v:2501]
INFO: [Synth 8-6157] synthesizing module 'matmul_accel_gmem1_m_axi_fifo__parameterized1' [f:/accelerator/accelerator.gen/sources_1/bd/system/ipshared/5177/hdl/verilog/matmul_accel_gmem1_m_axi.v:2501]
INFO: [Synth 8-6157] synthesizing module 'matmul_accel_gmem1_m_axi_mem' [f:/accelerator/accelerator.gen/sources_1/bd/system/ipshared/5177/hdl/verilog/matmul_accel_gmem1_m_axi.v:2733]
INFO: [Synth 8-6155] done synthesizing module 'matmul_accel_gmem1_m_axi_mem' (0#1) [f:/accelerator/accelerator.gen/sources_1/bd/system/ipshared/5177/hdl/verilog/matmul_accel_gmem1_m_axi.v:2733]
INFO: [Synth 8-6155] done synthesizing module 'matmul_accel_gmem1_m_axi_fifo__parameterized1' (0#1) [f:/accelerator/accelerator.gen/sources_1/bd/system/ipshared/5177/hdl/verilog/matmul_accel_gmem1_m_axi.v:2501]
INFO: [Synth 8-6155] done synthesizing module 'matmul_accel_gmem1_m_axi_load' (0#1) [f:/accelerator/accelerator.gen/sources_1/bd/system/ipshared/5177/hdl/verilog/matmul_accel_gmem1_m_axi.v:245]
INFO: [Synth 8-6157] synthesizing module 'matmul_accel_gmem1_m_axi_read' [f:/accelerator/accelerator.gen/sources_1/bd/system/ipshared/5177/hdl/verilog/matmul_accel_gmem1_m_axi.v:1355]
INFO: [Synth 8-6157] synthesizing module 'matmul_accel_gmem1_m_axi_burst_converter' [f:/accelerator/accelerator.gen/sources_1/bd/system/ipshared/5177/hdl/verilog/matmul_accel_gmem1_m_axi.v:1867]
INFO: [Synth 8-6157] synthesizing module 'matmul_accel_gmem1_m_axi_reg_slice__parameterized0' [f:/accelerator/accelerator.gen/sources_1/bd/system/ipshared/5177/hdl/verilog/matmul_accel_gmem1_m_axi.v:2399]
INFO: [Synth 8-6155] done synthesizing module 'matmul_accel_gmem1_m_axi_reg_slice__parameterized0' (0#1) [f:/accelerator/accelerator.gen/sources_1/bd/system/ipshared/5177/hdl/verilog/matmul_accel_gmem1_m_axi.v:2399]
INFO: [Synth 8-6155] done synthesizing module 'matmul_accel_gmem1_m_axi_burst_converter' (0#1) [f:/accelerator/accelerator.gen/sources_1/bd/system/ipshared/5177/hdl/verilog/matmul_accel_gmem1_m_axi.v:1867]
INFO: [Synth 8-6157] synthesizing module 'matmul_accel_gmem1_m_axi_fifo__parameterized2' [f:/accelerator/accelerator.gen/sources_1/bd/system/ipshared/5177/hdl/verilog/matmul_accel_gmem1_m_axi.v:2501]
INFO: [Synth 8-6157] synthesizing module 'matmul_accel_gmem1_m_axi_srl__parameterized1' [f:/accelerator/accelerator.gen/sources_1/bd/system/ipshared/5177/hdl/verilog/matmul_accel_gmem1_m_axi.v:2679]
INFO: [Synth 8-6155] done synthesizing module 'matmul_accel_gmem1_m_axi_srl__parameterized1' (0#1) [f:/accelerator/accelerator.gen/sources_1/bd/system/ipshared/5177/hdl/verilog/matmul_accel_gmem1_m_axi.v:2679]
INFO: [Synth 8-6155] done synthesizing module 'matmul_accel_gmem1_m_axi_fifo__parameterized2' (0#1) [f:/accelerator/accelerator.gen/sources_1/bd/system/ipshared/5177/hdl/verilog/matmul_accel_gmem1_m_axi.v:2501]
WARNING: [Synth 8-589] replacing case/wildcard equality operator === with logical equality operator == [f:/accelerator/accelerator.gen/sources_1/bd/system/ipshared/5177/hdl/verilog/matmul_accel_gmem1_m_axi.v:1539]
INFO: [Synth 8-6155] done synthesizing module 'matmul_accel_gmem1_m_axi_read' (0#1) [f:/accelerator/accelerator.gen/sources_1/bd/system/ipshared/5177/hdl/verilog/matmul_accel_gmem1_m_axi.v:1355]
INFO: [Synth 8-6155] done synthesizing module 'matmul_accel_gmem1_m_axi' (0#1) [f:/accelerator/accelerator.gen/sources_1/bd/system/ipshared/5177/hdl/verilog/matmul_accel_gmem1_m_axi.v:12]
INFO: [Synth 8-6157] synthesizing module 'matmul_accel_gmem2_m_axi' [f:/accelerator/accelerator.gen/sources_1/bd/system/ipshared/5177/hdl/verilog/matmul_accel_gmem2_m_axi.v:12]
INFO: [Synth 8-6157] synthesizing module 'matmul_accel_gmem2_m_axi_store' [f:/accelerator/accelerator.gen/sources_1/bd/system/ipshared/5177/hdl/verilog/matmul_accel_gmem2_m_axi.v:743]
INFO: [Synth 8-6157] synthesizing module 'matmul_accel_gmem2_m_axi_fifo' [f:/accelerator/accelerator.gen/sources_1/bd/system/ipshared/5177/hdl/verilog/matmul_accel_gmem2_m_axi.v:2507]
INFO: [Synth 8-6157] synthesizing module 'matmul_accel_gmem2_m_axi_srl' [f:/accelerator/accelerator.gen/sources_1/bd/system/ipshared/5177/hdl/verilog/matmul_accel_gmem2_m_axi.v:2685]
INFO: [Synth 8-6155] done synthesizing module 'matmul_accel_gmem2_m_axi_srl' (0#1) [f:/accelerator/accelerator.gen/sources_1/bd/system/ipshared/5177/hdl/verilog/matmul_accel_gmem2_m_axi.v:2685]
INFO: [Synth 8-6155] done synthesizing module 'matmul_accel_gmem2_m_axi_fifo' (0#1) [f:/accelerator/accelerator.gen/sources_1/bd/system/ipshared/5177/hdl/verilog/matmul_accel_gmem2_m_axi.v:2507]
INFO: [Synth 8-6157] synthesizing module 'matmul_accel_gmem2_m_axi_fifo__parameterized0' [f:/accelerator/accelerator.gen/sources_1/bd/system/ipshared/5177/hdl/verilog/matmul_accel_gmem2_m_axi.v:2507]
INFO: [Synth 8-6157] synthesizing module 'matmul_accel_gmem2_m_axi_mem' [f:/accelerator/accelerator.gen/sources_1/bd/system/ipshared/5177/hdl/verilog/matmul_accel_gmem2_m_axi.v:2739]
INFO: [Synth 8-6155] done synthesizing module 'matmul_accel_gmem2_m_axi_mem' (0#1) [f:/accelerator/accelerator.gen/sources_1/bd/system/ipshared/5177/hdl/verilog/matmul_accel_gmem2_m_axi.v:2739]
INFO: [Synth 8-6155] done synthesizing module 'matmul_accel_gmem2_m_axi_fifo__parameterized0' (0#1) [f:/accelerator/accelerator.gen/sources_1/bd/system/ipshared/5177/hdl/verilog/matmul_accel_gmem2_m_axi.v:2507]
INFO: [Synth 8-6157] synthesizing module 'matmul_accel_gmem2_m_axi_fifo__parameterized1' [f:/accelerator/accelerator.gen/sources_1/bd/system/ipshared/5177/hdl/verilog/matmul_accel_gmem2_m_axi.v:2507]
INFO: [Synth 8-6157] synthesizing module 'matmul_accel_gmem2_m_axi_srl__parameterized0' [f:/accelerator/accelerator.gen/sources_1/bd/system/ipshared/5177/hdl/verilog/matmul_accel_gmem2_m_axi.v:2685]
INFO: [Synth 8-6155] done synthesizing module 'matmul_accel_gmem2_m_axi_srl__parameterized0' (0#1) [f:/accelerator/accelerator.gen/sources_1/bd/system/ipshared/5177/hdl/verilog/matmul_accel_gmem2_m_axi.v:2685]
INFO: [Synth 8-6155] done synthesizing module 'matmul_accel_gmem2_m_axi_fifo__parameterized1' (0#1) [f:/accelerator/accelerator.gen/sources_1/bd/system/ipshared/5177/hdl/verilog/matmul_accel_gmem2_m_axi.v:2507]
INFO: [Synth 8-6157] synthesizing module 'matmul_accel_gmem2_m_axi_fifo__parameterized2' [f:/accelerator/accelerator.gen/sources_1/bd/system/ipshared/5177/hdl/verilog/matmul_accel_gmem2_m_axi.v:2507]
INFO: [Synth 8-6157] synthesizing module 'matmul_accel_gmem2_m_axi_srl__parameterized1' [f:/accelerator/accelerator.gen/sources_1/bd/system/ipshared/5177/hdl/verilog/matmul_accel_gmem2_m_axi.v:2685]
INFO: [Synth 8-6155] done synthesizing module 'matmul_accel_gmem2_m_axi_srl__parameterized1' (0#1) [f:/accelerator/accelerator.gen/sources_1/bd/system/ipshared/5177/hdl/verilog/matmul_accel_gmem2_m_axi.v:2685]
INFO: [Synth 8-6155] done synthesizing module 'matmul_accel_gmem2_m_axi_fifo__parameterized2' (0#1) [f:/accelerator/accelerator.gen/sources_1/bd/system/ipshared/5177/hdl/verilog/matmul_accel_gmem2_m_axi.v:2507]
INFO: [Synth 8-6155] done synthesizing module 'matmul_accel_gmem2_m_axi_store' (0#1) [f:/accelerator/accelerator.gen/sources_1/bd/system/ipshared/5177/hdl/verilog/matmul_accel_gmem2_m_axi.v:743]
INFO: [Synth 8-6157] synthesizing module 'matmul_accel_gmem2_m_axi_write' [f:/accelerator/accelerator.gen/sources_1/bd/system/ipshared/5177/hdl/verilog/matmul_accel_gmem2_m_axi.v:1553]
INFO: [Synth 8-6157] synthesizing module 'matmul_accel_gmem2_m_axi_burst_converter' [f:/accelerator/accelerator.gen/sources_1/bd/system/ipshared/5177/hdl/verilog/matmul_accel_gmem2_m_axi.v:1873]
INFO: [Synth 8-6157] synthesizing module 'matmul_accel_gmem2_m_axi_reg_slice' [f:/accelerator/accelerator.gen/sources_1/bd/system/ipshared/5177/hdl/verilog/matmul_accel_gmem2_m_axi.v:2405]
INFO: [Synth 8-6155] done synthesizing module 'matmul_accel_gmem2_m_axi_reg_slice' (0#1) [f:/accelerator/accelerator.gen/sources_1/bd/system/ipshared/5177/hdl/verilog/matmul_accel_gmem2_m_axi.v:2405]
INFO: [Synth 8-6155] done synthesizing module 'matmul_accel_gmem2_m_axi_burst_converter' (0#1) [f:/accelerator/accelerator.gen/sources_1/bd/system/ipshared/5177/hdl/verilog/matmul_accel_gmem2_m_axi.v:1873]
INFO: [Synth 8-6157] synthesizing module 'matmul_accel_gmem2_m_axi_fifo__parameterized3' [f:/accelerator/accelerator.gen/sources_1/bd/system/ipshared/5177/hdl/verilog/matmul_accel_gmem2_m_axi.v:2507]
INFO: [Synth 8-6157] synthesizing module 'matmul_accel_gmem2_m_axi_srl__parameterized2' [f:/accelerator/accelerator.gen/sources_1/bd/system/ipshared/5177/hdl/verilog/matmul_accel_gmem2_m_axi.v:2685]
INFO: [Synth 8-6155] done synthesizing module 'matmul_accel_gmem2_m_axi_srl__parameterized2' (0#1) [f:/accelerator/accelerator.gen/sources_1/bd/system/ipshared/5177/hdl/verilog/matmul_accel_gmem2_m_axi.v:2685]
INFO: [Synth 8-6155] done synthesizing module 'matmul_accel_gmem2_m_axi_fifo__parameterized3' (0#1) [f:/accelerator/accelerator.gen/sources_1/bd/system/ipshared/5177/hdl/verilog/matmul_accel_gmem2_m_axi.v:2507]
INFO: [Synth 8-6157] synthesizing module 'matmul_accel_gmem2_m_axi_throttle' [f:/accelerator/accelerator.gen/sources_1/bd/system/ipshared/5177/hdl/verilog/matmul_accel_gmem2_m_axi.v:2179]
INFO: [Synth 8-6157] synthesizing module 'matmul_accel_gmem2_m_axi_reg_slice__parameterized0' [f:/accelerator/accelerator.gen/sources_1/bd/system/ipshared/5177/hdl/verilog/matmul_accel_gmem2_m_axi.v:2405]
INFO: [Synth 8-6155] done synthesizing module 'matmul_accel_gmem2_m_axi_reg_slice__parameterized0' (0#1) [f:/accelerator/accelerator.gen/sources_1/bd/system/ipshared/5177/hdl/verilog/matmul_accel_gmem2_m_axi.v:2405]
INFO: [Synth 8-6157] synthesizing module 'matmul_accel_gmem2_m_axi_fifo__parameterized4' [f:/accelerator/accelerator.gen/sources_1/bd/system/ipshared/5177/hdl/verilog/matmul_accel_gmem2_m_axi.v:2507]
INFO: [Synth 8-6157] synthesizing module 'matmul_accel_gmem2_m_axi_srl__parameterized3' [f:/accelerator/accelerator.gen/sources_1/bd/system/ipshared/5177/hdl/verilog/matmul_accel_gmem2_m_axi.v:2685]
INFO: [Synth 8-6155] done synthesizing module 'matmul_accel_gmem2_m_axi_srl__parameterized3' (0#1) [f:/accelerator/accelerator.gen/sources_1/bd/system/ipshared/5177/hdl/verilog/matmul_accel_gmem2_m_axi.v:2685]
INFO: [Synth 8-6155] done synthesizing module 'matmul_accel_gmem2_m_axi_fifo__parameterized4' (0#1) [f:/accelerator/accelerator.gen/sources_1/bd/system/ipshared/5177/hdl/verilog/matmul_accel_gmem2_m_axi.v:2507]
INFO: [Synth 8-6157] synthesizing module 'matmul_accel_gmem2_m_axi_fifo__parameterized5' [f:/accelerator/accelerator.gen/sources_1/bd/system/ipshared/5177/hdl/verilog/matmul_accel_gmem2_m_axi.v:2507]
INFO: [Synth 8-6157] synthesizing module 'matmul_accel_gmem2_m_axi_srl__parameterized4' [f:/accelerator/accelerator.gen/sources_1/bd/system/ipshared/5177/hdl/verilog/matmul_accel_gmem2_m_axi.v:2685]
INFO: [Synth 8-6155] done synthesizing module 'matmul_accel_gmem2_m_axi_srl__parameterized4' (0#1) [f:/accelerator/accelerator.gen/sources_1/bd/system/ipshared/5177/hdl/verilog/matmul_accel_gmem2_m_axi.v:2685]
INFO: [Synth 8-6155] done synthesizing module 'matmul_accel_gmem2_m_axi_fifo__parameterized5' (0#1) [f:/accelerator/accelerator.gen/sources_1/bd/system/ipshared/5177/hdl/verilog/matmul_accel_gmem2_m_axi.v:2507]
INFO: [Synth 8-6155] done synthesizing module 'matmul_accel_gmem2_m_axi_throttle' (0#1) [f:/accelerator/accelerator.gen/sources_1/bd/system/ipshared/5177/hdl/verilog/matmul_accel_gmem2_m_axi.v:2179]
INFO: [Synth 8-6157] synthesizing module 'matmul_accel_gmem2_m_axi_reg_slice__parameterized1' [f:/accelerator/accelerator.gen/sources_1/bd/system/ipshared/5177/hdl/verilog/matmul_accel_gmem2_m_axi.v:2405]
INFO: [Synth 8-6155] done synthesizing module 'matmul_accel_gmem2_m_axi_reg_slice__parameterized1' (0#1) [f:/accelerator/accelerator.gen/sources_1/bd/system/ipshared/5177/hdl/verilog/matmul_accel_gmem2_m_axi.v:2405]
WARNING: [Synth 8-589] replacing case/wildcard equality operator === with logical equality operator == [f:/accelerator/accelerator.gen/sources_1/bd/system/ipshared/5177/hdl/verilog/matmul_accel_gmem2_m_axi.v:1864]
WARNING: [Synth 8-589] replacing case/wildcard equality operator === with logical equality operator == [f:/accelerator/accelerator.gen/sources_1/bd/system/ipshared/5177/hdl/verilog/matmul_accel_gmem2_m_axi.v:1867]
INFO: [Synth 8-6155] done synthesizing module 'matmul_accel_gmem2_m_axi_write' (0#1) [f:/accelerator/accelerator.gen/sources_1/bd/system/ipshared/5177/hdl/verilog/matmul_accel_gmem2_m_axi.v:1553]
INFO: [Synth 8-6155] done synthesizing module 'matmul_accel_gmem2_m_axi' (0#1) [f:/accelerator/accelerator.gen/sources_1/bd/system/ipshared/5177/hdl/verilog/matmul_accel_gmem2_m_axi.v:12]
INFO: [Synth 8-6157] synthesizing module 'matmul_accel_mul_32ns_32ns_62_2_1' [f:/accelerator/accelerator.gen/sources_1/bd/system/ipshared/5177/hdl/verilog/matmul_accel_mul_32ns_32ns_62_2_1.v:5]
INFO: [Synth 8-6155] done synthesizing module 'matmul_accel_mul_32ns_32ns_62_2_1' (0#1) [f:/accelerator/accelerator.gen/sources_1/bd/system/ipshared/5177/hdl/verilog/matmul_accel_mul_32ns_32ns_62_2_1.v:5]
INFO: [Synth 8-6155] done synthesizing module 'matmul_accel' (0#1) [f:/accelerator/accelerator.gen/sources_1/bd/system/ipshared/5177/hdl/verilog/matmul_accel.v:9]
INFO: [Synth 8-6155] done synthesizing module 'system_matmul_accel_0_0' (0#1) [f:/accelerator/accelerator.gen/sources_1/bd/system/ip/system_matmul_accel_0_0/synth/system_matmul_accel_0_0.v:53]
WARNING: [Synth 8-6014] Unused sequential element int_ap_done_reg was removed.  [f:/accelerator/accelerator.gen/sources_1/bd/system/ipshared/5177/hdl/verilog/matmul_accel_control_s_axi.v:349]
INFO: [Synth 8-4490] FSM extraction disabled for register 'ap_CS_fsm_reg' through user attribute
WARNING: [Synth 8-7129] Port reset in module matmul_accel_mul_32ns_32ns_62_2_1 is either unconnected or has no load
WARNING: [Synth 8-7129] Port in_BUS_BID[0] in module matmul_accel_gmem2_m_axi_write is either unconnected or has no load
WARNING: [Synth 8-7129] Port in_BUS_BRESP[1] in module matmul_accel_gmem2_m_axi_write is either unconnected or has no load
WARNING: [Synth 8-7129] Port in_BUS_BRESP[0] in module matmul_accel_gmem2_m_axi_write is either unconnected or has no load
WARNING: [Synth 8-7129] Port in_BUS_BUSER[0] in module matmul_accel_gmem2_m_axi_write is either unconnected or has no load
WARNING: [Synth 8-7129] Port ARREADY in module matmul_accel_gmem2_m_axi is either unconnected or has no load
WARNING: [Synth 8-7129] Port RID[0] in module matmul_accel_gmem2_m_axi is either unconnected or has no load
WARNING: [Synth 8-7129] Port RDATA[31] in module matmul_accel_gmem2_m_axi is either unconnected or has no load
WARNING: [Synth 8-7129] Port RDATA[30] in module matmul_accel_gmem2_m_axi is either unconnected or has no load
WARNING: [Synth 8-7129] Port RDATA[29] in module matmul_accel_gmem2_m_axi is either unconnected or has no load
WARNING: [Synth 8-7129] Port RDATA[28] in module matmul_accel_gmem2_m_axi is either unconnected or has no load
WARNING: [Synth 8-7129] Port RDATA[27] in module matmul_accel_gmem2_m_axi is either unconnected or has no load
WARNING: [Synth 8-7129] Port RDATA[26] in module matmul_accel_gmem2_m_axi is either unconnected or has no load
WARNING: [Synth 8-7129] Port RDATA[25] in module matmul_accel_gmem2_m_axi is either unconnected or has no load
WARNING: [Synth 8-7129] Port RDATA[24] in module matmul_accel_gmem2_m_axi is either unconnected or has no load
WARNING: [Synth 8-7129] Port RDATA[23] in module matmul_accel_gmem2_m_axi is either unconnected or has no load
WARNING: [Synth 8-7129] Port RDATA[22] in module matmul_accel_gmem2_m_axi is either unconnected or has no load
WARNING: [Synth 8-7129] Port RDATA[21] in module matmul_accel_gmem2_m_axi is either unconnected or has no load
WARNING: [Synth 8-7129] Port RDATA[20] in module matmul_accel_gmem2_m_axi is either unconnected or has no load
WARNING: [Synth 8-7129] Port RDATA[19] in module matmul_accel_gmem2_m_axi is either unconnected or has no load
WARNING: [Synth 8-7129] Port RDATA[18] in module matmul_accel_gmem2_m_axi is either unconnected or has no load
WARNING: [Synth 8-7129] Port RDATA[17] in module matmul_accel_gmem2_m_axi is either unconnected or has no load
WARNING: [Synth 8-7129] Port RDATA[16] in module matmul_accel_gmem2_m_axi is either unconnected or has no load
WARNING: [Synth 8-7129] Port RDATA[15] in module matmul_accel_gmem2_m_axi is either unconnected or has no load
WARNING: [Synth 8-7129] Port RDATA[14] in module matmul_accel_gmem2_m_axi is either unconnected or has no load
WARNING: [Synth 8-7129] Port RDATA[13] in module matmul_accel_gmem2_m_axi is either unconnected or has no load
WARNING: [Synth 8-7129] Port RDATA[12] in module matmul_accel_gmem2_m_axi is either unconnected or has no load
WARNING: [Synth 8-7129] Port RDATA[11] in module matmul_accel_gmem2_m_axi is either unconnected or has no load
WARNING: [Synth 8-7129] Port RDATA[10] in module matmul_accel_gmem2_m_axi is either unconnected or has no load
WARNING: [Synth 8-7129] Port RDATA[9] in module matmul_accel_gmem2_m_axi is either unconnected or has no load
WARNING: [Synth 8-7129] Port RDATA[8] in module matmul_accel_gmem2_m_axi is either unconnected or has no load
WARNING: [Synth 8-7129] Port RDATA[7] in module matmul_accel_gmem2_m_axi is either unconnected or has no load
WARNING: [Synth 8-7129] Port RDATA[6] in module matmul_accel_gmem2_m_axi is either unconnected or has no load
WARNING: [Synth 8-7129] Port RDATA[5] in module matmul_accel_gmem2_m_axi is either unconnected or has no load
WARNING: [Synth 8-7129] Port RDATA[4] in module matmul_accel_gmem2_m_axi is either unconnected or has no load
WARNING: [Synth 8-7129] Port RDATA[3] in module matmul_accel_gmem2_m_axi is either unconnected or has no load
WARNING: [Synth 8-7129] Port RDATA[2] in module matmul_accel_gmem2_m_axi is either unconnected or has no load
WARNING: [Synth 8-7129] Port RDATA[1] in module matmul_accel_gmem2_m_axi is either unconnected or has no load
WARNING: [Synth 8-7129] Port RDATA[0] in module matmul_accel_gmem2_m_axi is either unconnected or has no load
WARNING: [Synth 8-7129] Port RRESP[1] in module matmul_accel_gmem2_m_axi is either unconnected or has no load
WARNING: [Synth 8-7129] Port RRESP[0] in module matmul_accel_gmem2_m_axi is either unconnected or has no load
WARNING: [Synth 8-7129] Port RLAST in module matmul_accel_gmem2_m_axi is either unconnected or has no load
WARNING: [Synth 8-7129] Port RUSER[0] in module matmul_accel_gmem2_m_axi is either unconnected or has no load
WARNING: [Synth 8-7129] Port RVALID in module matmul_accel_gmem2_m_axi is either unconnected or has no load
WARNING: [Synth 8-7129] Port I_CH0_ARADDR[63] in module matmul_accel_gmem2_m_axi is either unconnected or has no load
WARNING: [Synth 8-7129] Port I_CH0_ARADDR[62] in module matmul_accel_gmem2_m_axi is either unconnected or has no load
WARNING: [Synth 8-7129] Port I_CH0_ARADDR[61] in module matmul_accel_gmem2_m_axi is either unconnected or has no load
WARNING: [Synth 8-7129] Port I_CH0_ARADDR[60] in module matmul_accel_gmem2_m_axi is either unconnected or has no load
WARNING: [Synth 8-7129] Port I_CH0_ARADDR[59] in module matmul_accel_gmem2_m_axi is either unconnected or has no load
WARNING: [Synth 8-7129] Port I_CH0_ARADDR[58] in module matmul_accel_gmem2_m_axi is either unconnected or has no load
WARNING: [Synth 8-7129] Port I_CH0_ARADDR[57] in module matmul_accel_gmem2_m_axi is either unconnected or has no load
WARNING: [Synth 8-7129] Port I_CH0_ARADDR[56] in module matmul_accel_gmem2_m_axi is either unconnected or has no load
WARNING: [Synth 8-7129] Port I_CH0_ARADDR[55] in module matmul_accel_gmem2_m_axi is either unconnected or has no load
WARNING: [Synth 8-7129] Port I_CH0_ARADDR[54] in module matmul_accel_gmem2_m_axi is either unconnected or has no load
WARNING: [Synth 8-7129] Port I_CH0_ARADDR[53] in module matmul_accel_gmem2_m_axi is either unconnected or has no load
WARNING: [Synth 8-7129] Port I_CH0_ARADDR[52] in module matmul_accel_gmem2_m_axi is either unconnected or has no load
WARNING: [Synth 8-7129] Port I_CH0_ARADDR[51] in module matmul_accel_gmem2_m_axi is either unconnected or has no load
WARNING: [Synth 8-7129] Port I_CH0_ARADDR[50] in module matmul_accel_gmem2_m_axi is either unconnected or has no load
WARNING: [Synth 8-7129] Port I_CH0_ARADDR[49] in module matmul_accel_gmem2_m_axi is either unconnected or has no load
WARNING: [Synth 8-7129] Port I_CH0_ARADDR[48] in module matmul_accel_gmem2_m_axi is either unconnected or has no load
WARNING: [Synth 8-7129] Port I_CH0_ARADDR[47] in module matmul_accel_gmem2_m_axi is either unconnected or has no load
WARNING: [Synth 8-7129] Port I_CH0_ARADDR[46] in module matmul_accel_gmem2_m_axi is either unconnected or has no load
WARNING: [Synth 8-7129] Port I_CH0_ARADDR[45] in module matmul_accel_gmem2_m_axi is either unconnected or has no load
WARNING: [Synth 8-7129] Port I_CH0_ARADDR[44] in module matmul_accel_gmem2_m_axi is either unconnected or has no load
WARNING: [Synth 8-7129] Port I_CH0_ARADDR[43] in module matmul_accel_gmem2_m_axi is either unconnected or has no load
WARNING: [Synth 8-7129] Port I_CH0_ARADDR[42] in module matmul_accel_gmem2_m_axi is either unconnected or has no load
WARNING: [Synth 8-7129] Port I_CH0_ARADDR[41] in module matmul_accel_gmem2_m_axi is either unconnected or has no load
WARNING: [Synth 8-7129] Port I_CH0_ARADDR[40] in module matmul_accel_gmem2_m_axi is either unconnected or has no load
WARNING: [Synth 8-7129] Port I_CH0_ARADDR[39] in module matmul_accel_gmem2_m_axi is either unconnected or has no load
WARNING: [Synth 8-7129] Port I_CH0_ARADDR[38] in module matmul_accel_gmem2_m_axi is either unconnected or has no load
WARNING: [Synth 8-7129] Port I_CH0_ARADDR[37] in module matmul_accel_gmem2_m_axi is either unconnected or has no load
WARNING: [Synth 8-7129] Port I_CH0_ARADDR[36] in module matmul_accel_gmem2_m_axi is either unconnected or has no load
WARNING: [Synth 8-7129] Port I_CH0_ARADDR[35] in module matmul_accel_gmem2_m_axi is either unconnected or has no load
WARNING: [Synth 8-7129] Port I_CH0_ARADDR[34] in module matmul_accel_gmem2_m_axi is either unconnected or has no load
WARNING: [Synth 8-7129] Port I_CH0_ARADDR[33] in module matmul_accel_gmem2_m_axi is either unconnected or has no load
WARNING: [Synth 8-7129] Port I_CH0_ARADDR[32] in module matmul_accel_gmem2_m_axi is either unconnected or has no load
WARNING: [Synth 8-7129] Port I_CH0_ARADDR[31] in module matmul_accel_gmem2_m_axi is either unconnected or has no load
WARNING: [Synth 8-7129] Port I_CH0_ARADDR[30] in module matmul_accel_gmem2_m_axi is either unconnected or has no load
WARNING: [Synth 8-7129] Port I_CH0_ARADDR[29] in module matmul_accel_gmem2_m_axi is either unconnected or has no load
WARNING: [Synth 8-7129] Port I_CH0_ARADDR[28] in module matmul_accel_gmem2_m_axi is either unconnected or has no load
WARNING: [Synth 8-7129] Port I_CH0_ARADDR[27] in module matmul_accel_gmem2_m_axi is either unconnected or has no load
WARNING: [Synth 8-7129] Port I_CH0_ARADDR[26] in module matmul_accel_gmem2_m_axi is either unconnected or has no load
WARNING: [Synth 8-7129] Port I_CH0_ARADDR[25] in module matmul_accel_gmem2_m_axi is either unconnected or has no load
WARNING: [Synth 8-7129] Port I_CH0_ARADDR[24] in module matmul_accel_gmem2_m_axi is either unconnected or has no load
WARNING: [Synth 8-7129] Port I_CH0_ARADDR[23] in module matmul_accel_gmem2_m_axi is either unconnected or has no load
WARNING: [Synth 8-7129] Port I_CH0_ARADDR[22] in module matmul_accel_gmem2_m_axi is either unconnected or has no load
WARNING: [Synth 8-7129] Port I_CH0_ARADDR[21] in module matmul_accel_gmem2_m_axi is either unconnected or has no load
WARNING: [Synth 8-7129] Port I_CH0_ARADDR[20] in module matmul_accel_gmem2_m_axi is either unconnected or has no load
WARNING: [Synth 8-7129] Port I_CH0_ARADDR[19] in module matmul_accel_gmem2_m_axi is either unconnected or has no load
WARNING: [Synth 8-7129] Port I_CH0_ARADDR[18] in module matmul_accel_gmem2_m_axi is either unconnected or has no load
WARNING: [Synth 8-7129] Port I_CH0_ARADDR[17] in module matmul_accel_gmem2_m_axi is either unconnected or has no load
WARNING: [Synth 8-7129] Port I_CH0_ARADDR[16] in module matmul_accel_gmem2_m_axi is either unconnected or has no load
WARNING: [Synth 8-7129] Port I_CH0_ARADDR[15] in module matmul_accel_gmem2_m_axi is either unconnected or has no load
WARNING: [Synth 8-7129] Port I_CH0_ARADDR[14] in module matmul_accel_gmem2_m_axi is either unconnected or has no load
WARNING: [Synth 8-7129] Port I_CH0_ARADDR[13] in module matmul_accel_gmem2_m_axi is either unconnected or has no load
WARNING: [Synth 8-7129] Port I_CH0_ARADDR[12] in module matmul_accel_gmem2_m_axi is either unconnected or has no load
WARNING: [Synth 8-7129] Port I_CH0_ARADDR[11] in module matmul_accel_gmem2_m_axi is either unconnected or has no load
WARNING: [Synth 8-7129] Port I_CH0_ARADDR[10] in module matmul_accel_gmem2_m_axi is either unconnected or has no load
WARNING: [Synth 8-7129] Port I_CH0_ARADDR[9] in module matmul_accel_gmem2_m_axi is either unconnected or has no load
WARNING: [Synth 8-7129] Port I_CH0_ARADDR[8] in module matmul_accel_gmem2_m_axi is either unconnected or has no load
INFO: [Common 17-14] Message 'Synth 8-7129' appears 100 times and further instances of the messages will be disabled. Use the Tcl command set_msg_config to change the current settings.
---------------------------------------------------------------------------------
Finished RTL Elaboration : Time (s): cpu = 00:00:08 ; elapsed = 00:00:08 . Memory (MB): peak = 1489.312 ; gain = 628.109
---------------------------------------------------------------------------------
---------------------------------------------------------------------------------
Start Handling Custom Attributes
---------------------------------------------------------------------------------
---------------------------------------------------------------------------------
Finished Handling Custom Attributes : Time (s): cpu = 00:00:08 ; elapsed = 00:00:08 . Memory (MB): peak = 1489.312 ; gain = 628.109
---------------------------------------------------------------------------------
---------------------------------------------------------------------------------
Finished RTL Optimization Phase 1 : Time (s): cpu = 00:00:08 ; elapsed = 00:00:08 . Memory (MB): peak = 1489.312 ; gain = 628.109
---------------------------------------------------------------------------------
Netlist sorting complete. Time (s): cpu = 00:00:00 ; elapsed = 00:00:00.127 . Memory (MB): peak = 1489.312 ; gain = 0.000
INFO: [Project 1-570] Preparing netlist for logic optimization

Processing XDC Constraints
Initializing timing engine
Parsing XDC File [f:/accelerator/accelerator.gen/sources_1/bd/system/ip/system_matmul_accel_0_0/constraints/matmul_accel_ooc.xdc] for cell 'inst'
Finished Parsing XDC File [f:/accelerator/accelerator.gen/sources_1/bd/system/ip/system_matmul_accel_0_0/constraints/matmul_accel_ooc.xdc] for cell 'inst'
Parsing XDC File [F:/accelerator/accelerator.runs/system_matmul_accel_0_0_synth_1/dont_touch.xdc]
Finished Parsing XDC File [F:/accelerator/accelerator.runs/system_matmul_accel_0_0_synth_1/dont_touch.xdc]
Completed Processing XDC Constraints

Netlist sorting complete. Time (s): cpu = 00:00:00 ; elapsed = 00:00:00.001 . Memory (MB): peak = 1582.195 ; gain = 0.000
INFO: [Project 1-111] Unisim Transformation Summary:
No Unisim elements were transformed.

Constraint Validation Runtime : Time (s): cpu = 00:00:00 ; elapsed = 00:00:00.140 . Memory (MB): peak = 1582.266 ; gain = 0.070
INFO: [Designutils 20-5008] Incremental synthesis strategy off
---------------------------------------------------------------------------------
Finished Constraint Validation : Time (s): cpu = 00:00:17 ; elapsed = 00:00:18 . Memory (MB): peak = 1582.266 ; gain = 721.062
---------------------------------------------------------------------------------
---------------------------------------------------------------------------------
Start Loading Part and Timing Information
---------------------------------------------------------------------------------
Loading part: xc7z020clg400-1
---------------------------------------------------------------------------------
Finished Loading Part and Timing Information : Time (s): cpu = 00:00:17 ; elapsed = 00:00:18 . Memory (MB): peak = 1582.266 ; gain = 721.062
---------------------------------------------------------------------------------
---------------------------------------------------------------------------------
Start Applying 'set_property' XDC Constraints
---------------------------------------------------------------------------------
Applied set_property KEEP_HIERARCHY = SOFT for inst. (constraint file  F:/accelerator/accelerator.runs/system_matmul_accel_0_0_synth_1/dont_touch.xdc, line 9).
---------------------------------------------------------------------------------
Finished applying 'set_property' XDC Constraints : Time (s): cpu = 00:00:17 ; elapsed = 00:00:18 . Memory (MB): peak = 1582.266 ; gain = 721.062
---------------------------------------------------------------------------------
INFO: [Synth 8-802] inferred FSM for state register 'wstate_reg' in module 'matmul_accel_control_s_axi'
INFO: [Synth 8-802] inferred FSM for state register 'rstate_reg' in module 'matmul_accel_control_s_axi'
INFO: [Synth 8-802] inferred FSM for state register 'state_reg' in module 'matmul_accel_gmem0_m_axi_reg_slice'
INFO: [Synth 8-802] inferred FSM for state register 'state_reg' in module 'matmul_accel_gmem0_m_axi_reg_slice__parameterized0'
INFO: [Synth 8-802] inferred FSM for state register 'state_reg' in module 'matmul_accel_gmem1_m_axi_reg_slice'
INFO: [Synth 8-802] inferred FSM for state register 'state_reg' in module 'matmul_accel_gmem1_m_axi_reg_slice__parameterized0'
INFO: [Synth 8-802] inferred FSM for state register 'state_reg' in module 'matmul_accel_gmem2_m_axi_reg_slice'
INFO: [Synth 8-802] inferred FSM for state register 'state_reg' in module 'matmul_accel_gmem2_m_axi_reg_slice__parameterized0'
INFO: [Synth 8-802] inferred FSM for state register 'state_reg' in module 'matmul_accel_gmem2_m_axi_reg_slice__parameterized1'
WARNING: [Synth 8-3936] Found unconnected internal register 'mul_ln55_reg_469_reg' and it is trimmed from '62' to '32' bits. [f:/accelerator/accelerator.gen/sources_1/bd/system/ipshared/5177/hdl/verilog/matmul_accel.v:1137]
INFO: [Synth 8-4490] FSM extraction disabled for register 'ap_CS_fsm_reg' through user attribute
INFO: [Synth 8-4490] FSM extraction disabled for register 'ap_CS_fsm_reg' through user attribute
---------------------------------------------------------------------------------------------------
                   State |                     New Encoding |                Previous Encoding 
---------------------------------------------------------------------------------------------------
                  iSTATE |                             0001 |                               11
*
                  WRIDLE |                             0010 |                               00
                  WRDATA |                             0100 |                               01
                  WRRESP |                             1000 |                               10
---------------------------------------------------------------------------------------------------
INFO: [Synth 8-3354] encoded FSM with state register 'wstate_reg' using encoding 'one-hot' in module 'matmul_accel_control_s_axi'
---------------------------------------------------------------------------------------------------
                   State |                     New Encoding |                Previous Encoding 
---------------------------------------------------------------------------------------------------
                  iSTATE |                              001 |                               10
*
                  RDIDLE |                              010 |                               00
                  RDDATA |                              100 |                               01
---------------------------------------------------------------------------------------------------
INFO: [Synth 8-3354] encoded FSM with state register 'rstate_reg' using encoding 'one-hot' in module 'matmul_accel_control_s_axi'
---------------------------------------------------------------------------------------------------
                   State |                     New Encoding |                Previous Encoding 
---------------------------------------------------------------------------------------------------
                    ZERO |                               00 |                               10
                     ONE |                               10 |                               11
                     TWO |                               01 |                               01
---------------------------------------------------------------------------------------------------
INFO: [Synth 8-3354] encoded FSM with state register 'state_reg' using encoding 'sequential' in module 'matmul_accel_gmem0_m_axi_reg_slice'
---------------------------------------------------------------------------------------------------
                   State |                     New Encoding |                Previous Encoding 
---------------------------------------------------------------------------------------------------
                    ZERO |                               00 |                               10
                     ONE |                               10 |                               11
                     TWO |                               01 |                               01
---------------------------------------------------------------------------------------------------
INFO: [Synth 8-3354] encoded FSM with state register 'state_reg' using encoding 'sequential' in module 'matmul_accel_gmem0_m_axi_reg_slice__parameterized0'
---------------------------------------------------------------------------------------------------
                   State |                     New Encoding |                Previous Encoding 
---------------------------------------------------------------------------------------------------
                    ZERO |                               00 |                               10
                     ONE |                               10 |                               11
                     TWO |                               01 |                               01
---------------------------------------------------------------------------------------------------
INFO: [Synth 8-3354] encoded FSM with state register 'state_reg' using encoding 'sequential' in module 'matmul_accel_gmem1_m_axi_reg_slice'
---------------------------------------------------------------------------------------------------
                   State |                     New Encoding |                Previous Encoding 
---------------------------------------------------------------------------------------------------
                    ZERO |                               00 |                               10
                     ONE |                               10 |                               11
                     TWO |                               01 |                               01
---------------------------------------------------------------------------------------------------
INFO: [Synth 8-3354] encoded FSM with state register 'state_reg' using encoding 'sequential' in module 'matmul_accel_gmem1_m_axi_reg_slice__parameterized0'
INFO: [Synth 8-7082] The signal mem_reg is implemented as Block RAM but is better mapped onto distributed LUT RAM for the following reason(s): The depth (4 address bits) is shallow. Please use attribute (* ram_style = "distributed" *) to instruct Vivado to infer distributed LUT RAM.
---------------------------------------------------------------------------------------------------
                   State |                     New Encoding |                Previous Encoding 
---------------------------------------------------------------------------------------------------
                    ZERO |                               00 |                               10
                     ONE |                               10 |                               11
                     TWO |                               01 |                               01
---------------------------------------------------------------------------------------------------
INFO: [Synth 8-3354] encoded FSM with state register 'state_reg' using encoding 'sequential' in module 'matmul_accel_gmem2_m_axi_reg_slice'
---------------------------------------------------------------------------------------------------
                   State |                     New Encoding |                Previous Encoding 
---------------------------------------------------------------------------------------------------
                    ZERO |                               00 |                               10
                     ONE |                               10 |                               11
                     TWO |                               01 |                               01
---------------------------------------------------------------------------------------------------
INFO: [Synth 8-3354] encoded FSM with state register 'state_reg' using encoding 'sequential' in module 'matmul_accel_gmem2_m_axi_reg_slice__parameterized0'
---------------------------------------------------------------------------------------------------
                   State |                     New Encoding |                Previous Encoding 
---------------------------------------------------------------------------------------------------
                    ZERO |                               00 |                               10
                     ONE |                               10 |                               11
                     TWO |                               01 |                               01
---------------------------------------------------------------------------------------------------
INFO: [Synth 8-3354] encoded FSM with state register 'state_reg' using encoding 'sequential' in module 'matmul_accel_gmem2_m_axi_reg_slice__parameterized1'
---------------------------------------------------------------------------------
Finished RTL Optimization Phase 2 : Time (s): cpu = 00:00:19 ; elapsed = 00:00:19 . Memory (MB): peak = 1582.266 ; gain = 721.062
---------------------------------------------------------------------------------
---------------------------------------------------------------------------------
Start RTL Component Statistics 
---------------------------------------------------------------------------------
Detailed RTL Component Info : 
+---Adders : 
	   3 Input   64 Bit       Adders := 1     
	   2 Input   64 Bit       Adders := 1     
	   2 Input   52 Bit       Adders := 3     
	   2 Input   32 Bit       Adders := 7     
	   2 Input   31 Bit       Adders := 2     
	   2 Input   12 Bit       Adders := 6     
	   2 Input   11 Bit       Adders := 2     
	   2 Input   10 Bit       Adders := 2     
	   2 Input    9 Bit       Adders := 4     
	   2 Input    8 Bit       Adders := 5     
	   2 Input    6 Bit       Adders := 3     
	   2 Input    5 Bit       Adders := 28    
	   2 Input    4 Bit       Adders := 17    
	   2 Input    3 Bit       Adders := 14    
	   3 Input    3 Bit       Adders := 2     
	   2 Input    2 Bit       Adders := 8     
+---XORs : 
	   2 Input      1 Bit         XORs := 2     
+---Registers : 
	               96 Bit    Registers := 9     
	               72 Bit    Registers := 3     
	               64 Bit    Registers := 13    
	               62 Bit    Registers := 2     
	               52 Bit    Registers := 3     
	               37 Bit    Registers := 1     
	               36 Bit    Registers := 1     
	               34 Bit    Registers := 2     
	               33 Bit    Registers := 9     
	               32 Bit    Registers := 27    
	               31 Bit    Registers := 10    
	               23 Bit    Registers := 1     
	               20 Bit    Registers := 3     
	               18 Bit    Registers := 1     
	               11 Bit    Registers := 5     
	               10 Bit    Registers := 12    
	                9 Bit    Registers := 2     
	                8 Bit    Registers := 11    
	                7 Bit    Registers := 1     
	                6 Bit    Registers := 3     
	                5 Bit    Registers := 13    
	                4 Bit    Registers := 18    
	                3 Bit    Registers := 6     
	                2 Bit    Registers := 14    
	                1 Bit    Registers := 166   
+---Multipliers : 
	              33x33  Multipliers := 1     
+---RAMs : 
	               8K Bit	(255 X 34 bit)          RAMs := 2     
	              540 Bit	(15 X 36 bit)          RAMs := 1     
+---Muxes : 
	   2 Input   96 Bit        Muxes := 3     
	   2 Input   72 Bit        Muxes := 1     
	   2 Input   64 Bit        Muxes := 10    
	   2 Input   52 Bit        Muxes := 3     
	   2 Input   33 Bit        Muxes := 4     
	   2 Input   32 Bit        Muxes := 8     
	   2 Input   23 Bit        Muxes := 2     
	   2 Input   20 Bit        Muxes := 3     
	   2 Input   19 Bit        Muxes := 1     
	   2 Input   18 Bit        Muxes := 1     
	   2 Input   17 Bit        Muxes := 1     
	   4 Input   12 Bit        Muxes := 3     
	   2 Input   11 Bit        Muxes := 2     
	   4 Input   11 Bit        Muxes := 3     
	   2 Input   10 Bit        Muxes := 9     
	   2 Input    9 Bit        Muxes := 4     
	   2 Input    8 Bit        Muxes := 5     
	   4 Input    8 Bit        Muxes := 3     
	   2 Input    7 Bit        Muxes := 1     
	   2 Input    6 Bit        Muxes := 3     
	   2 Input    5 Bit        Muxes := 25    
	   4 Input    4 Bit        Muxes := 1     
	   2 Input    4 Bit        Muxes := 16    
	   3 Input    3 Bit        Muxes := 1     
	   2 Input    3 Bit        Muxes := 14    
	   5 Input    3 Bit        Muxes := 2     
	   4 Input    3 Bit        Muxes := 2     
	   2 Input    2 Bit        Muxes := 121   
	   3 Input    2 Bit        Muxes := 27    
	   4 Input    2 Bit        Muxes := 9     
	   5 Input    2 Bit        Muxes := 2     
	   2 Input    1 Bit        Muxes := 158   
---------------------------------------------------------------------------------
Finished RTL Component Statistics 
---------------------------------------------------------------------------------
---------------------------------------------------------------------------------
Start Part Resource Summary
---------------------------------------------------------------------------------
Part Resources:
DSPs: 220 (col length:60)
BRAMs: 280 (col length: RAMB18 60 RAMB36 30)
---------------------------------------------------------------------------------
Finished Part Resource Summary
---------------------------------------------------------------------------------
---------------------------------------------------------------------------------
Start Cross Boundary and Area Optimization
---------------------------------------------------------------------------------
WARNING: [Synth 8-7080] Parallel synthesis criteria is not met
WARNING: [Synth 8-3936] Found unconnected internal register 'mac_muladd_8s_8s_32s_32_4_1_U1/matmul_accel_mac_muladd_8s_8s_32s_32_4_1_DSP48_0_U/p_reg_reg' and it is trimmed from '44' to '32' bits. [f:/accelerator/accelerator.gen/sources_1/bd/system/ipshared/5177/hdl/verilog/matmul_accel_mac_muladd_8s_8s_32s_32_4_1.v:44]
WARNING: [Synth 8-3936] Found unconnected internal register 'mac_muladd_8s_8s_32s_32_4_1_U1/matmul_accel_mac_muladd_8s_8s_32s_32_4_1_DSP48_0_U/m_reg_reg' and it is trimmed from '43' to '32' bits. [f:/accelerator/accelerator.gen/sources_1/bd/system/ipshared/5177/hdl/verilog/matmul_accel_mac_muladd_8s_8s_32s_32_4_1.v:36]
DSP Report: Generating DSP mac_muladd_8s_8s_32s_32_4_1_U1/matmul_accel_mac_muladd_8s_8s_32s_32_4_1_DSP48_0_U/p_reg_reg, operation Mode is: (P or C)+(A''*B'')'.
DSP Report: register mac_muladd_8s_8s_32s_32_4_1_U1/matmul_accel_mac_muladd_8s_8s_32s_32_4_1_DSP48_0_U/p_reg_reg is absorbed into DSP mac_muladd_8s_8s_32s_32_4_1_U1/matmul_accel_mac_muladd_8s_8s_32s_32_4_1_DSP48_0_U/p_reg_reg.
DSP Report: register mac_muladd_8s_8s_32s_32_4_1_U1/matmul_accel_mac_muladd_8s_8s_32s_32_4_1_DSP48_0_U/p_reg_reg is absorbed into DSP mac_muladd_8s_8s_32s_32_4_1_U1/matmul_accel_mac_muladd_8s_8s_32s_32_4_1_DSP48_0_U/p_reg_reg.
DSP Report: register mac_muladd_8s_8s_32s_32_4_1_U1/matmul_accel_mac_muladd_8s_8s_32s_32_4_1_DSP48_0_U/p_reg_reg is absorbed into DSP mac_muladd_8s_8s_32s_32_4_1_U1/matmul_accel_mac_muladd_8s_8s_32s_32_4_1_DSP48_0_U/p_reg_reg.
DSP Report: register mac_muladd_8s_8s_32s_32_4_1_U1/matmul_accel_mac_muladd_8s_8s_32s_32_4_1_DSP48_0_U/p_reg_reg is absorbed into DSP mac_muladd_8s_8s_32s_32_4_1_U1/matmul_accel_mac_muladd_8s_8s_32s_32_4_1_DSP48_0_U/p_reg_reg.
DSP Report: register mac_muladd_8s_8s_32s_32_4_1_U1/matmul_accel_mac_muladd_8s_8s_32s_32_4_1_DSP48_0_U/p_reg_reg is absorbed into DSP mac_muladd_8s_8s_32s_32_4_1_U1/matmul_accel_mac_muladd_8s_8s_32s_32_4_1_DSP48_0_U/p_reg_reg.
DSP Report: register mac_muladd_8s_8s_32s_32_4_1_U1/matmul_accel_mac_muladd_8s_8s_32s_32_4_1_DSP48_0_U/m_reg_reg is absorbed into DSP mac_muladd_8s_8s_32s_32_4_1_U1/matmul_accel_mac_muladd_8s_8s_32s_32_4_1_DSP48_0_U/p_reg_reg.
DSP Report: operator mac_muladd_8s_8s_32s_32_4_1_U1/matmul_accel_mac_muladd_8s_8s_32s_32_4_1_DSP48_0_U/p is absorbed into DSP mac_muladd_8s_8s_32s_32_4_1_U1/matmul_accel_mac_muladd_8s_8s_32s_32_4_1_DSP48_0_U/p_reg_reg.
DSP Report: operator mac_muladd_8s_8s_32s_32_4_1_U1/matmul_accel_mac_muladd_8s_8s_32s_32_4_1_DSP48_0_U/m is absorbed into DSP mac_muladd_8s_8s_32s_32_4_1_U1/matmul_accel_mac_muladd_8s_8s_32s_32_4_1_DSP48_0_U/p_reg_reg.
WARNING: [Synth 8-3936] Found unconnected internal register 'mul_32ns_32ns_62_2_1_U11/buff0_reg' and it is trimmed from '62' to '32' bits. [f:/accelerator/accelerator.gen/sources_1/bd/system/ipshared/5177/hdl/verilog/matmul_accel_mul_32ns_32ns_62_2_1.v:60]
DSP Report: Generating DSP mul_32ns_32ns_62_2_1_U11/tmp_product, operation Mode is: A2*B.
DSP Report: register mul_32ns_32ns_62_2_1_U11/tmp_product is absorbed into DSP mul_32ns_32ns_62_2_1_U11/tmp_product.
DSP Report: operator mul_32ns_32ns_62_2_1_U11/tmp_product is absorbed into DSP mul_32ns_32ns_62_2_1_U11/tmp_product.
DSP Report: operator mul_32ns_32ns_62_2_1_U11/tmp_product is absorbed into DSP mul_32ns_32ns_62_2_1_U11/tmp_product.
DSP Report: Generating DSP mul_32ns_32ns_62_2_1_U11/buff0_reg, operation Mode is: (PCIN>>17)+A*B.
DSP Report: register mul_32ns_32ns_62_2_1_U11/buff0_reg is absorbed into DSP mul_32ns_32ns_62_2_1_U11/buff0_reg.
DSP Report: operator mul_32ns_32ns_62_2_1_U11/tmp_product is absorbed into DSP mul_32ns_32ns_62_2_1_U11/buff0_reg.
DSP Report: operator mul_32ns_32ns_62_2_1_U11/tmp_product is absorbed into DSP mul_32ns_32ns_62_2_1_U11/buff0_reg.
DSP Report: Generating DSP mul_32ns_32ns_62_2_1_U11/tmp_product, operation Mode is: A2*B2.
DSP Report: register mul_32ns_32ns_62_2_1_U11/tmp_product is absorbed into DSP mul_32ns_32ns_62_2_1_U11/tmp_product.
DSP Report: register mul_32ns_32ns_62_2_1_U11/tmp_product is absorbed into DSP mul_32ns_32ns_62_2_1_U11/tmp_product.
DSP Report: operator mul_32ns_32ns_62_2_1_U11/tmp_product is absorbed into DSP mul_32ns_32ns_62_2_1_U11/tmp_product.
DSP Report: operator mul_32ns_32ns_62_2_1_U11/tmp_product is absorbed into DSP mul_32ns_32ns_62_2_1_U11/tmp_product.
DSP Report: Generating DSP mul_32ns_32ns_62_2_1_U11/buff0_reg, operation Mode is: (PCIN>>17)+A2*B.
DSP Report: register mul_32ns_32ns_62_2_1_U11/buff0_reg is absorbed into DSP mul_32ns_32ns_62_2_1_U11/buff0_reg.
DSP Report: register mul_32ns_32ns_62_2_1_U11/buff0_reg is absorbed into DSP mul_32ns_32ns_62_2_1_U11/buff0_reg.
DSP Report: operator mul_32ns_32ns_62_2_1_U11/tmp_product is absorbed into DSP mul_32ns_32ns_62_2_1_U11/buff0_reg.
DSP Report: operator mul_32ns_32ns_62_2_1_U11/tmp_product is absorbed into DSP mul_32ns_32ns_62_2_1_U11/buff0_reg.
INFO: [Synth 8-7082] The signal store_unit_0/buff_wdata/U_fifo_mem/mem_reg is implemented as Block RAM but is better mapped onto distributed LUT RAM for the following reason(s): The depth (4 address bits) is shallow. Please use attribute (* ram_style = "distributed" *) to instruct Vivado to infer distributed LUT RAM.
WARNING: [Synth 8-3332] Sequential element (FSM_onehot_wstate_reg[0]) is unused and will be removed from module matmul_accel_control_s_axi.
WARNING: [Synth 8-3332] Sequential element (FSM_onehot_rstate_reg[0]) is unused and will be removed from module matmul_accel_control_s_axi.
WARNING: [Synth 8-3332] Sequential element (mul_32ns_32ns_62_2_1_U11/buff0_reg[47]) is unused and will be removed from module matmul_accel.
WARNING: [Synth 8-3332] Sequential element (mul_32ns_32ns_62_2_1_U11/buff0_reg[46]) is unused and will be removed from module matmul_accel.
WARNING: [Synth 8-3332] Sequential element (mul_32ns_32ns_62_2_1_U11/buff0_reg[45]) is unused and will be removed from module matmul_accel.
WARNING: [Synth 8-3332] Sequential element (mul_32ns_32ns_62_2_1_U11/buff0_reg[44]) is unused and will be removed from module matmul_accel.
WARNING: [Synth 8-3332] Sequential element (mul_32ns_32ns_62_2_1_U11/buff0_reg[43]) is unused and will be removed from module matmul_accel.
WARNING: [Synth 8-3332] Sequential element (mul_32ns_32ns_62_2_1_U11/buff0_reg[42]) is unused and will be removed from module matmul_accel.
WARNING: [Synth 8-3332] Sequential element (mul_32ns_32ns_62_2_1_U11/buff0_reg[41]) is unused and will be removed from module matmul_accel.
WARNING: [Synth 8-3332] Sequential element (mul_32ns_32ns_62_2_1_U11/buff0_reg[40]) is unused and will be removed from module matmul_accel.
WARNING: [Synth 8-3332] Sequential element (mul_32ns_32ns_62_2_1_U11/buff0_reg[39]) is unused and will be removed from module matmul_accel.
WARNING: [Synth 8-3332] Sequential element (mul_32ns_32ns_62_2_1_U11/buff0_reg[38]) is unused and will be removed from module matmul_accel.
WARNING: [Synth 8-3332] Sequential element (mul_32ns_32ns_62_2_1_U11/buff0_reg[37]) is unused and will be removed from module matmul_accel.
WARNING: [Synth 8-3332] Sequential element (mul_32ns_32ns_62_2_1_U11/buff0_reg[36]) is unused and will be removed from module matmul_accel.
WARNING: [Synth 8-3332] Sequential element (mul_32ns_32ns_62_2_1_U11/buff0_reg[35]) is unused and will be removed from module matmul_accel.
WARNING: [Synth 8-3332] Sequential element (mul_32ns_32ns_62_2_1_U11/buff0_reg[34]) is unused and will be removed from module matmul_accel.
WARNING: [Synth 8-3332] Sequential element (mul_32ns_32ns_62_2_1_U11/buff0_reg[33]) is unused and will be removed from module matmul_accel.
WARNING: [Synth 8-3332] Sequential element (mul_32ns_32ns_62_2_1_U11/buff0_reg[32]) is unused and will be removed from module matmul_accel.
WARNING: [Synth 8-3332] Sequential element (mul_32ns_32ns_62_2_1_U11/buff0_reg[31]) is unused and will be removed from module matmul_accel.
WARNING: [Synth 8-3332] Sequential element (mul_32ns_32ns_62_2_1_U11/buff0_reg[30]) is unused and will be removed from module matmul_accel.
WARNING: [Synth 8-3332] Sequential element (mul_32ns_32ns_62_2_1_U11/buff0_reg[29]) is unused and will be removed from module matmul_accel.
WARNING: [Synth 8-3332] Sequential element (mul_32ns_32ns_62_2_1_U11/buff0_reg[28]) is unused and will be removed from module matmul_accel.
WARNING: [Synth 8-3332] Sequential element (mul_32ns_32ns_62_2_1_U11/buff0_reg[27]) is unused and will be removed from module matmul_accel.
WARNING: [Synth 8-3332] Sequential element (mul_32ns_32ns_62_2_1_U11/buff0_reg[26]) is unused and will be removed from module matmul_accel.
WARNING: [Synth 8-3332] Sequential element (mul_32ns_32ns_62_2_1_U11/buff0_reg[25]) is unused and will be removed from module matmul_accel.
WARNING: [Synth 8-3332] Sequential element (mul_32ns_32ns_62_2_1_U11/buff0_reg[24]) is unused and will be removed from module matmul_accel.
WARNING: [Synth 8-3332] Sequential element (mul_32ns_32ns_62_2_1_U11/buff0_reg[23]) is unused and will be removed from module matmul_accel.
WARNING: [Synth 8-3332] Sequential element (mul_32ns_32ns_62_2_1_U11/buff0_reg[22]) is unused and will be removed from module matmul_accel.
WARNING: [Synth 8-3332] Sequential element (mul_32ns_32ns_62_2_1_U11/buff0_reg[21]) is unused and will be removed from module matmul_accel.
WARNING: [Synth 8-3332] Sequential element (mul_32ns_32ns_62_2_1_U11/buff0_reg[20]) is unused and will be removed from module matmul_accel.
WARNING: [Synth 8-3332] Sequential element (mul_32ns_32ns_62_2_1_U11/buff0_reg[19]) is unused and will be removed from module matmul_accel.
WARNING: [Synth 8-3332] Sequential element (mul_32ns_32ns_62_2_1_U11/buff0_reg[18]) is unused and will be removed from module matmul_accel.
WARNING: [Synth 8-3332] Sequential element (mul_32ns_32ns_62_2_1_U11/buff0_reg[17]) is unused and will be removed from module matmul_accel.
WARNING: [Synth 8-3332] Sequential element (mul_32ns_32ns_62_2_1_U11/buff0_reg[16]) is unused and will be removed from module matmul_accel.
WARNING: [Synth 8-3332] Sequential element (mul_32ns_32ns_62_2_1_U11/buff0_reg[15]) is unused and will be removed from module matmul_accel.
WARNING: [Synth 8-3332] Sequential element (mul_32ns_32ns_62_2_1_U11/buff0_reg[47]__0) is unused and will be removed from module matmul_accel.
WARNING: [Synth 8-3332] Sequential element (mul_32ns_32ns_62_2_1_U11/buff0_reg[46]__0) is unused and will be removed from module matmul_accel.
WARNING: [Synth 8-3332] Sequential element (mul_32ns_32ns_62_2_1_U11/buff0_reg[45]__0) is unused and will be removed from module matmul_accel.
WARNING: [Synth 8-3332] Sequential element (mul_32ns_32ns_62_2_1_U11/buff0_reg[44]__0) is unused and will be removed from module matmul_accel.
WARNING: [Synth 8-3332] Sequential element (mul_32ns_32ns_62_2_1_U11/buff0_reg[43]__0) is unused and will be removed from module matmul_accel.
WARNING: [Synth 8-3332] Sequential element (mul_32ns_32ns_62_2_1_U11/buff0_reg[42]__0) is unused and will be removed from module matmul_accel.
WARNING: [Synth 8-3332] Sequential element (mul_32ns_32ns_62_2_1_U11/buff0_reg[41]__0) is unused and will be removed from module matmul_accel.
WARNING: [Synth 8-3332] Sequential element (mul_32ns_32ns_62_2_1_U11/buff0_reg[40]__0) is unused and will be removed from module matmul_accel.
WARNING: [Synth 8-3332] Sequential element (mul_32ns_32ns_62_2_1_U11/buff0_reg[39]__0) is unused and will be removed from module matmul_accel.
WARNING: [Synth 8-3332] Sequential element (mul_32ns_32ns_62_2_1_U11/buff0_reg[38]__0) is unused and will be removed from module matmul_accel.
WARNING: [Synth 8-3332] Sequential element (mul_32ns_32ns_62_2_1_U11/buff0_reg[37]__0) is unused and will be removed from module matmul_accel.
WARNING: [Synth 8-3332] Sequential element (mul_32ns_32ns_62_2_1_U11/buff0_reg[36]__0) is unused and will be removed from module matmul_accel.
WARNING: [Synth 8-3332] Sequential element (mul_32ns_32ns_62_2_1_U11/buff0_reg[35]__0) is unused and will be removed from module matmul_accel.
WARNING: [Synth 8-3332] Sequential element (mul_32ns_32ns_62_2_1_U11/buff0_reg[34]__0) is unused and will be removed from module matmul_accel.
WARNING: [Synth 8-3332] Sequential element (mul_32ns_32ns_62_2_1_U11/buff0_reg[33]__0) is unused and will be removed from module matmul_accel.
WARNING: [Synth 8-3332] Sequential element (mul_32ns_32ns_62_2_1_U11/buff0_reg[32]__0) is unused and will be removed from module matmul_accel.
WARNING: [Synth 8-3332] Sequential element (mul_32ns_32ns_62_2_1_U11/buff0_reg[31]__0) is unused and will be removed from module matmul_accel.
WARNING: [Synth 8-3332] Sequential element (mul_32ns_32ns_62_2_1_U11/buff0_reg[30]__0) is unused and will be removed from module matmul_accel.
WARNING: [Synth 8-3332] Sequential element (mul_32ns_32ns_62_2_1_U11/buff0_reg[29]__0) is unused and will be removed from module matmul_accel.
WARNING: [Synth 8-3332] Sequential element (mul_32ns_32ns_62_2_1_U11/buff0_reg[28]__0) is unused and will be removed from module matmul_accel.
WARNING: [Synth 8-3332] Sequential element (mul_32ns_32ns_62_2_1_U11/buff0_reg[27]__0) is unused and will be removed from module matmul_accel.
WARNING: [Synth 8-3332] Sequential element (mul_32ns_32ns_62_2_1_U11/buff0_reg[26]__0) is unused and will be removed from module matmul_accel.
WARNING: [Synth 8-3332] Sequential element (mul_32ns_32ns_62_2_1_U11/buff0_reg[25]__0) is unused and will be removed from module matmul_accel.
WARNING: [Synth 8-3332] Sequential element (mul_32ns_32ns_62_2_1_U11/buff0_reg[24]__0) is unused and will be removed from module matmul_accel.
WARNING: [Synth 8-3332] Sequential element (mul_32ns_32ns_62_2_1_U11/buff0_reg[23]__0) is unused and will be removed from module matmul_accel.
WARNING: [Synth 8-3332] Sequential element (mul_32ns_32ns_62_2_1_U11/buff0_reg[22]__0) is unused and will be removed from module matmul_accel.
WARNING: [Synth 8-3332] Sequential element (mul_32ns_32ns_62_2_1_U11/buff0_reg[21]__0) is unused and will be removed from module matmul_accel.
WARNING: [Synth 8-3332] Sequential element (mul_32ns_32ns_62_2_1_U11/buff0_reg[20]__0) is unused and will be removed from module matmul_accel.
WARNING: [Synth 8-3332] Sequential element (mul_32ns_32ns_62_2_1_U11/buff0_reg[19]__0) is unused and will be removed from module matmul_accel.
WARNING: [Synth 8-3332] Sequential element (mul_32ns_32ns_62_2_1_U11/buff0_reg[18]__0) is unused and will be removed from module matmul_accel.
WARNING: [Synth 8-3332] Sequential element (mul_32ns_32ns_62_2_1_U11/buff0_reg[17]__0) is unused and will be removed from module matmul_accel.
---------------------------------------------------------------------------------
Finished Cross Boundary and Area Optimization : Time (s): cpu = 00:00:30 ; elapsed = 00:00:31 . Memory (MB): peak = 1583.082 ; gain = 721.879
---------------------------------------------------------------------------------
 Sort Area is  mul_32ns_32ns_62_2_1_U11/tmp_product_2 : 0 0 : 3137 5856 : Used 1 time 0
 Sort Area is  mul_32ns_32ns_62_2_1_U11/tmp_product_2 : 0 1 : 2719 5856 : Used 1 time 0
 Sort Area is  mul_32ns_32ns_62_2_1_U11/tmp_product_5 : 0 0 : 2652 5185 : Used 1 time 0
 Sort Area is  mul_32ns_32ns_62_2_1_U11/tmp_product_5 : 0 1 : 2533 5185 : Used 1 time 0
 Sort Area is  mac_muladd_8s_8s_32s_32_4_1_U1/matmul_accel_mac_muladd_8s_8s_32s_32_4_1_DSP48_0_U/p_reg_reg_0 : 0 0 : 809 809 : Used 1 time 0
---------------------------------------------------------------------------------
Start ROM, RAM, DSP, Shift Register and Retiming Reporting
---------------------------------------------------------------------------------

Block RAM: Preliminary Mapping Report (see note below)
+-------------------+--------------------------------------------+------------------------+---+---+------------------------+---+---+------------------+--------+--------+
|Module Name        | RTL Object                                 | PORT A (Depth x Width) | W | R | PORT B (Depth x Width) | W | R | Ports driving FF | RAMB18 | RAMB36 | 
+-------------------+--------------------------------------------+------------------------+---+---+------------------------+---+---+------------------+--------+--------+
|inst/gmem0_m_axi_U | load_unit_0/buff_rdata/U_fifo_mem/mem_reg  | 255 x 34(READ_FIRST)   | W |   | 255 x 34(WRITE_FIRST)  |   | R | Port A and B     | 1      | 0      | 
|inst/gmem1_m_axi_U | load_unit_0/buff_rdata/U_fifo_mem/mem_reg  | 255 x 34(READ_FIRST)   | W |   | 255 x 34(WRITE_FIRST)  |   | R | Port A and B     | 1      | 0      | 
|inst/gmem2_m_axi_U | store_unit_0/buff_wdata/U_fifo_mem/mem_reg | 15 x 36(READ_FIRST)    | W |   | 15 x 36(WRITE_FIRST)   |   | R | Port A and B     | 1      | 0      | 
+-------------------+--------------------------------------------+------------------------+---+---+------------------------+---+---+------------------+--------+--------+

Note: The table above is a preliminary report that shows the Block RAMs at the current stage of the synthesis flow. Some Block RAMs may be reimplemented as non Block RAM primitives later in the synthesis flow. Multiple instantiated Block RAMs are reported only once. 

DSP: Preliminary Mapping Report (see note below. The ' indicates corresponding REG is set)
+---------------------------------------------------+---------------------+--------+--------+--------+--------+--------+------+------+------+------+-------+------+------+
|Module Name                                        | DSP Mapping         | A Size | B Size | C Size | D Size | P Size | AREG | BREG | CREG | DREG | ADREG | MREG | PREG | 
+---------------------------------------------------+---------------------+--------+--------+--------+--------+--------+------+------+------+------+-------+------+------+
|matmul_accel_matmul_accel_Pipeline_VITIS_LOOP_15_1 | (P or C)+(A''*B'')' | 9      | 9      | 32     | -      | 32     | 2    | 2    | 0    | -    | -     | 1    | 1    | 
|matmul_accel                                       | A2*B                | 18     | 15     | -      | -      | 48     | 1    | 0    | -    | -    | -     | 0    | 0    | 
|matmul_accel                                       | (PCIN>>17)+A*B      | 15     | 15     | -      | -      | 48     | 0    | 0    | -    | -    | -     | 0    | 1    | 
|matmul_accel                                       | A2*B2               | 18     | 18     | -      | -      | 48     | 1    | 1    | -    | -    | -     | 0    | 0    | 
|matmul_accel                                       | (PCIN>>17)+A2*B     | 18     | 15     | -      | -      | 48     | 1    | 0    | -    | -    | -     | 0    | 1    | 
+---------------------------------------------------+---------------------+--------+--------+--------+--------+--------+------+------+------+------+-------+------+------+

Note: The table above is a preliminary report that shows the DSPs inferred at the current stage of the synthesis flow. Some DSP may be reimplemented as non DSP primitives later in the synthesis flow. Multiple instantiated DSPs are reported only once.
---------------------------------------------------------------------------------
Finished ROM, RAM, DSP, Shift Register and Retiming Reporting
---------------------------------------------------------------------------------
---------------------------------------------------------------------------------
Start Applying XDC Timing Constraints
---------------------------------------------------------------------------------
---------------------------------------------------------------------------------
Finished Applying XDC Timing Constraints : Time (s): cpu = 00:00:38 ; elapsed = 00:00:39 . Memory (MB): peak = 1723.648 ; gain = 862.445
---------------------------------------------------------------------------------
---------------------------------------------------------------------------------
Start Timing Optimization
---------------------------------------------------------------------------------
---------------------------------------------------------------------------------
Finished Timing Optimization : Time (s): cpu = 00:00:39 ; elapsed = 00:00:40 . Memory (MB): peak = 1741.375 ; gain = 880.172
---------------------------------------------------------------------------------
---------------------------------------------------------------------------------
Start ROM, RAM, DSP, Shift Register and Retiming Reporting
---------------------------------------------------------------------------------

Block RAM: Final Mapping Report
+-------------------+--------------------------------------------+------------------------+---+---+------------------------+---+---+------------------+--------+--------+
|Module Name        | RTL Object                                 | PORT A (Depth x Width) | W | R | PORT B (Depth x Width) | W | R | Ports driving FF | RAMB18 | RAMB36 | 
+-------------------+--------------------------------------------+------------------------+---+---+------------------------+---+---+------------------+--------+--------+
|inst/gmem0_m_axi_U | load_unit_0/buff_rdata/U_fifo_mem/mem_reg  | 255 x 34(READ_FIRST)   | W |   | 255 x 34(WRITE_FIRST)  |   | R | Port A and B     | 1      | 0      | 
|inst/gmem1_m_axi_U | load_unit_0/buff_rdata/U_fifo_mem/mem_reg  | 255 x 34(READ_FIRST)   | W |   | 255 x 34(WRITE_FIRST)  |   | R | Port A and B     | 1      | 0      | 
|inst/gmem2_m_axi_U | store_unit_0/buff_wdata/U_fifo_mem/mem_reg | 15 x 36(READ_FIRST)    | W |   | 15 x 36(WRITE_FIRST)   |   | R | Port A and B     | 1      | 0      | 
+-------------------+--------------------------------------------+------------------------+---+---+------------------------+---+---+------------------+--------+--------+

---------------------------------------------------------------------------------
Finished ROM, RAM, DSP, Shift Register and Retiming Reporting
---------------------------------------------------------------------------------
---------------------------------------------------------------------------------
Start Technology Mapping
---------------------------------------------------------------------------------
INFO: [Synth 8-7052] The timing for the instance inst/gmem0_m_axi_U/load_unit_0/buff_rdata/U_fifo_mem/mem_reg (implemented as a Block RAM) might be sub-optimal as no optional output register could be merged into the ram block. Providing additional output register may help in improving timing.
INFO: [Synth 8-7052] The timing for the instance inst/gmem1_m_axi_U/load_unit_0/buff_rdata/U_fifo_mem/mem_reg (implemented as a Block RAM) might be sub-optimal as no optional output register could be merged into the ram block. Providing additional output register may help in improving timing.
---------------------------------------------------------------------------------
Finished Technology Mapping : Time (s): cpu = 00:00:41 ; elapsed = 00:00:42 . Memory (MB): peak = 1787.520 ; gain = 926.316
---------------------------------------------------------------------------------
---------------------------------------------------------------------------------
Start IO Insertion
---------------------------------------------------------------------------------
---------------------------------------------------------------------------------
Start Flattening Before IO Insertion
---------------------------------------------------------------------------------
---------------------------------------------------------------------------------
Finished Flattening Before IO Insertion
---------------------------------------------------------------------------------
---------------------------------------------------------------------------------
Start Final Netlist Cleanup
---------------------------------------------------------------------------------
---------------------------------------------------------------------------------
Finished Final Netlist Cleanup
---------------------------------------------------------------------------------
---------------------------------------------------------------------------------
Finished IO Insertion : Time (s): cpu = 00:00:45 ; elapsed = 00:00:46 . Memory (MB): peak = 1960.145 ; gain = 1098.941
---------------------------------------------------------------------------------
---------------------------------------------------------------------------------
Start Renaming Generated Instances
---------------------------------------------------------------------------------
---------------------------------------------------------------------------------
Finished Renaming Generated Instances : Time (s): cpu = 00:00:45 ; elapsed = 00:00:46 . Memory (MB): peak = 1960.145 ; gain = 1098.941
---------------------------------------------------------------------------------
---------------------------------------------------------------------------------
Start Rebuilding User Hierarchy
---------------------------------------------------------------------------------
---------------------------------------------------------------------------------
Finished Rebuilding User Hierarchy : Time (s): cpu = 00:00:45 ; elapsed = 00:00:46 . Memory (MB): peak = 1960.145 ; gain = 1098.941
---------------------------------------------------------------------------------
---------------------------------------------------------------------------------
Start Renaming Generated Ports
---------------------------------------------------------------------------------
---------------------------------------------------------------------------------
Finished Renaming Generated Ports : Time (s): cpu = 00:00:45 ; elapsed = 00:00:46 . Memory (MB): peak = 1960.145 ; gain = 1098.941
---------------------------------------------------------------------------------
---------------------------------------------------------------------------------
Start Handling Custom Attributes
---------------------------------------------------------------------------------
---------------------------------------------------------------------------------
Finished Handling Custom Attributes : Time (s): cpu = 00:00:45 ; elapsed = 00:00:47 . Memory (MB): peak = 1967.660 ; gain = 1106.457
---------------------------------------------------------------------------------
---------------------------------------------------------------------------------
Start Renaming Generated Nets
---------------------------------------------------------------------------------
---------------------------------------------------------------------------------
Finished Renaming Generated Nets : Time (s): cpu = 00:00:45 ; elapsed = 00:00:47 . Memory (MB): peak = 1967.660 ; gain = 1106.457
---------------------------------------------------------------------------------
---------------------------------------------------------------------------------
Start ROM, RAM, DSP, Shift Register and Retiming Reporting
---------------------------------------------------------------------------------

Static Shift Register Report:
+-------------+----------------------------------------------------------------------------------------+--------+-------+--------------+--------------------+-------------------+--------+---------+
|Module Name  | RTL Name                                                                               | Length | Width | Reset Signal | Pull out first Reg | Pull out last Reg | SRL16E | SRLC32E | 
+-------------+----------------------------------------------------------------------------------------+--------+-------+--------------+--------------------+-------------------+--------+---------+
|matmul_accel | grp_matmul_accel_Pipeline_VITIS_LOOP_15_1_fu_203/ap_loop_exit_ready_pp0_iter13_reg_reg | 12     | 1     | NO           | NO                 | YES               | 1      | 0       | 
|matmul_accel | grp_matmul_accel_Pipeline_VITIS_LOOP_15_1_fu_203/ap_enable_reg_pp0_iter10_reg          | 8      | 1     | YES          | NO                 | YES               | 1      | 0       | 
|matmul_accel | grp_matmul_accel_Pipeline_VITIS_LOOP_15_1_fu_203/ap_enable_reg_pp0_iter14_reg          | 4      | 1     | YES          | NO                 | YES               | 1      | 0       | 
+-------------+----------------------------------------------------------------------------------------+--------+-------+--------------+--------------------+-------------------+--------+---------+


Dynamic Shift Register Report:
+------------+-------------+--------+------------+--------+---------+--------+--------+--------+
|Module Name | RTL Name    | Length | Data Width | SRL16E | SRLC32E | Mux F7 | Mux F8 | Mux F9 | 
+------------+-------------+--------+------------+--------+---------+--------+--------+--------+
|dsrl        | mem_reg[14] | 4      | 4          | 4      | 0       | 0      | 0      | 0      | 
|dsrl__1     | mem_reg[5]  | 96     | 96         | 96     | 0       | 0      | 0      | 0      | 
|dsrl__2     | mem_reg[14] | 1      | 1          | 1      | 0       | 0      | 0      | 0      | 
|dsrl__3     | mem_reg[14] | 4      | 4          | 4      | 0       | 0      | 0      | 0      | 
|dsrl__4     | mem_reg[5]  | 96     | 96         | 96     | 0       | 0      | 0      | 0      | 
|dsrl__5     | mem_reg[14] | 1      | 1          | 1      | 0       | 0      | 0      | 0      | 
|dsrl__6     | mem_reg[2]  | 96     | 96         | 96     | 0       | 0      | 0      | 0      | 
|dsrl__7     | mem_reg[14] | 1      | 1          | 1      | 0       | 0      | 0      | 0      | 
|dsrl__8     | mem_reg[2]  | 1      | 1          | 1      | 0       | 0      | 0      | 0      | 
|dsrl__9     | mem_reg[14] | 8      | 8          | 8      | 0       | 0      | 0      | 0      | 
|dsrl__10    | mem_reg[14] | 72     | 72         | 72     | 0       | 0      | 0      | 0      | 
|dsrl__11    | mem_reg[14] | 37     | 37         | 37     | 0       | 0      | 0      | 0      | 
+------------+-------------+--------+------------+--------+---------+--------+--------+--------+

---------------------------------------------------------------------------------
Finished ROM, RAM, DSP, Shift Register and Retiming Reporting
---------------------------------------------------------------------------------
---------------------------------------------------------------------------------
Start Writing Synthesis Report
---------------------------------------------------------------------------------

DSP Final Report (the ' indicates corresponding REG is set)
+---------------------------------------------------+-------------------+--------+--------+--------+--------+--------+------+------+------+------+-------+------+------+
|Module Name                                        | DSP Mapping       | A Size | B Size | C Size | D Size | P Size | AREG | BREG | CREG | DREG | ADREG | MREG | PREG | 
+---------------------------------------------------+-------------------+--------+--------+--------+--------+--------+------+------+------+------+-------+------+------+
|matmul_accel_matmul_accel_Pipeline_VITIS_LOOP_15_1 | Dynamic           | -      | -      | -      | -      | 32     | -    | -    | -    | -    | -     | 1    | 1    | 
|matmul_accel                                       | (A'*B')'          | 17     | 18     | -      | -      | 48     | 1    | 1    | -    | -    | -     | 0    | 1    | 
|matmul_accel                                       | A'*B'             | 17     | 17     | -      | -      | 48     | 1    | 1    | -    | -    | -     | 0    | 0    | 
|matmul_accel                                       | (PCIN>>17+A'*B')' | 17     | 18     | -      | -      | 48     | 1    | 1    | -    | -    | -     | 0    | 1    | 
+---------------------------------------------------+-------------------+--------+--------+--------+--------+--------+------+------+------+------+-------+------+------+


Report BlackBoxes: 
+-+--------------+----------+
| |BlackBox name |Instances |
+-+--------------+----------+
+-+--------------+----------+

Report Cell Usage: 
+------+---------+------+
|      |Cell     |Count |
+------+---------+------+
|1     |CARRY4   |   262|
|2     |DSP48E1  |     4|
|5     |LUT1     |   127|
|6     |LUT2     |   405|
|7     |LUT3     |  1086|
|8     |LUT4     |   647|
|9     |LUT5     |   343|
|10    |LUT6     |   578|
|11    |MUXF7    |     2|
|12    |RAMB18E1 |     3|
|14    |SRL16E   |   377|
|15    |FDRE     |  4325|
|16    |FDSE     |    10|
+------+---------+------+
---------------------------------------------------------------------------------
Finished Writing Synthesis Report : Time (s): cpu = 00:00:45 ; elapsed = 00:00:47 . Memory (MB): peak = 1967.660 ; gain = 1106.457
---------------------------------------------------------------------------------
Synthesis finished with 0 errors, 0 critical warnings and 563 warnings.
Synthesis Optimization Runtime : Time (s): cpu = 00:00:35 ; elapsed = 00:00:44 . Memory (MB): peak = 1967.660 ; gain = 1013.504
Synthesis Optimization Complete : Time (s): cpu = 00:00:46 ; elapsed = 00:00:47 . Memory (MB): peak = 1967.660 ; gain = 1106.457
INFO: [Project 1-571] Translating synthesized netlist
Netlist sorting complete. Time (s): cpu = 00:00:00 ; elapsed = 00:00:00.094 . Memory (MB): peak = 1976.801 ; gain = 0.000
INFO: [Netlist 29-17] Analyzing 271 Unisim elements for replacement
INFO: [Netlist 29-28] Unisim Transformation completed in 0 CPU seconds
INFO: [Project 1-570] Preparing netlist for logic optimization
INFO: [Opt 31-138] Pushed 0 inverter(s) to 0 load pin(s).
Netlist sorting complete. Time (s): cpu = 00:00:00 ; elapsed = 00:00:00.001 . Memory (MB): peak = 1980.465 ; gain = 0.000
INFO: [Project 1-111] Unisim Transformation Summary:
No Unisim elements were transformed.

Synth Design complete | Checksum: 7e8163b8
INFO: [Common 17-83] Releasing license: Synthesis
162 Infos, 176 Warnings, 0 Critical Warnings and 0 Errors encountered.
synth_design completed successfully
synth_design: Time (s): cpu = 00:00:51 ; elapsed = 00:00:53 . Memory (MB): peak = 1980.465 ; gain = 1341.707
Write ShapeDB Complete: Time (s): cpu = 00:00:00 ; elapsed = 00:00:00.012 . Memory (MB): peak = 1980.465 ; gain = 0.000
INFO: [Common 17-1381] The checkpoint 'F:/accelerator/accelerator.runs/system_matmul_accel_0_0_synth_1/system_matmul_accel_0_0.dcp' has been generated.
INFO: [Coretcl 2-1648] Added synthesis output to IP cache for IP system_matmul_accel_0_0, cache-ID = 8f3cff086c8424a6
INFO: [Coretcl 2-1174] Renamed 62 cell refs.
Write ShapeDB Complete: Time (s): cpu = 00:00:00 ; elapsed = 00:00:00.013 . Memory (MB): peak = 1980.465 ; gain = 0.000
INFO: [Common 17-1381] The checkpoint 'F:/accelerator/accelerator.runs/system_matmul_accel_0_0_synth_1/system_matmul_accel_0_0.dcp' has been generated.
INFO: [Vivado 12-24828] Executing command : report_utilization -file system_matmul_accel_0_0_utilization_synth.rpt -pb system_matmul_accel_0_0_utilization_synth.pb
INFO: [Common 17-206] Exiting Vivado at Wed Jun  3 05:31:20 2026...
